border_size=1
usage=map

Mm          , Hhd         , Hhd         , Hh          , Hh          , Hd          , Hd          , Dd          , Hd          , Hd          , Hd          , Ds          , Ww          , Ww          , Ww          , Ww          , Wo          , Wo          , Ww          , Ww          , Ww          , Wo          , Ww          , Ww          , Ww          , Gg          , Gg          , Gg          , Gg          , Gg          , Gg          , Hd          , Hhd         , Dd          , Dd          , Dd          , Dd          , Dd          , Dd          , Dd          , Dd          , Dd          , Dd          , Dd          , Dd          , Dd          , Dd          , Dd          , Dd          , Dd          , Dd          , Dd          , Dd          
Mm          , Mm          , Mm          , Mm          , Mm          , Hhd         , Hhd         , Hhd         , Hhd         , Hh          , Ww          , Ww          , Wo          , Wo          , Ww          , Wo          , Ww          , Ww          , Wwf         , Wwf         , Mm          , Ww          , Ww          , Wo          , Wo          , Ww          , Ww          , Gg          , Gg          , Gg          , Gg          , Gg          , Hd          , Dd          , Dd          , Dd          , Dd          , Dd          , Dd          , Dd          , Dd          , Dd          , Dd          , Dd          , Dd          , Dd          , Dd          , Dd          , Dd          , Dd          , Dd          , Dd          , Dd          
Mm          , Mm          , Mm          , Mm          , Mm          , Mm          , Mm          , Hh          , Hh          , Hh          , Ww          , Wo          , Ww          , Ww          , Mm          , Ww          , Ch          , Gg          , Rrc         , Ch          , Mm          , Mm          , Mm          , Ww          , Wo          , Ww          , Ww          , Gg          , Re^Vct      , Gg          , Gg          , Gg          , Gg          , Hd          , Dd          , Dd          , Dd          , Dd          , Dd          , Dd          , Dd          , Dd          , Dd          , Dd          , Dd          , Dd^Vct      , Dd          , Dd          , Dd          , Dd          , Dd          , Dd          , Dd          
Mm          , Mm          , Mm          , Mm          , Mm          , Mm          , Mm          , Hhd         , Hhd         , Ww          , Wo          , Ww          , Wwf         , Mm          , Mm          , Mm          , Rrc         , Rrc         , Ch          , Rrc         , Rrc         , Mm          , Rrc         , Ww          , Ww          , Ww          , Ww          , Gg          , Gg          , Gg          , Gg          , Gg          , Gg          , Hhd         , Dd          , Dd          , Dd          , Dd          , Dd          , Dd          , Dd          , Dd          , Dd          , Dd          , Ce          , Dd          , Dd          , Dd          , Dd          , Dd          , Dd          , Dd          , Dd          
Mm          , Mm          , Mm          , Mm          , Mm          , Mm          , Mm          , Mm          , Hhd         , Ww          , Ww          , Ww          , Rrc         , Ch          , Gg          , Gg^Vhc      , Rrc         , Ch          , 5 Kh        , Ch          , Rrc^Vhc     , Rrc         , Mm          , Ch          , Ww          , Wo          , Ww          , Gg          , Gg          , Gg          , Gg          , Gg          , Gg          , Hhd         , Hd          , Dd          , Dd          , Dd          , Dd          , Dd          , Dd          , Dd          , Dd^Vct      , Ce          , 3 Ke        , Ce          , Dd          , Dd          , Dd          , Dd          , Dd          , Dd          , Dd          
Mm          , Mm          , Mm          , Mm          , Mm          , Mm          , Mm          , Hh          , Hd          , Hd          , Wwf         , Wwf         , Ch          , Rrc         , Rrc         , Rrc         , Rrc         , Ch          , Ch          , Ch          , Rrc         , Mm          , Mm          , Mm          , Ww          , Wo          , Ww          , Gg          , Gg          , Gg          , Gg          , Gg          , Gg          , Gg          , Hd          , Dd          , Dd          , Dd          , Dd          , Dd          , Dd          , Dd          , Dd          , Ce          , Ce          , Ce          , Dd          , Dd          , Dd          , Dd          , Dd          , Dd          , Dd          
Mm          , Mm          , Mm          , Mm          , Mm          , Mm          , Hh          , Hh          , Hh          , Hd          , Wwf         , Wwf         , Ww          , Ch          , Mm          , Gg^Vhc      , Ch          , Rrc         , Rrc         , Rrc         , Wwf         , Hh          , Wwf         , Hh          , Ww          , Wo          , Ww          , Gg          , Gg          , Gg          , Gg          , Gg          , Gg          , Gg          , Gg          , Hhd         , Dd          , Dd          , Dd          , Dd          , Dd          , Dd          , Dd          , Dd          , Dd          , Dd          , Dd          , Dd^Vct      , Dd          , Dd          , Dd          , Dd          , Dd          
Mm          , Mm          , Mm          , Mm          , Mm          , Mm          , Hh          , Hhd         , Hd          , Hh          , Ww          , Wo          , Ww          , Mm          , Mm          , Mm          , Wwf         , Wwf         , Wwf         , Rrc         , Wwf         , Wwf         , Wwf         , Ww          , Ww          , Wo          , Ww          , Gg          , Gg          , Gg          , Gg          , Re^Vct      , Gg          , Gg          , Gg          , Hhd         , Hd          , Dd          , Dd          , Dd          , Dd          , Dd^Vct      , Dd          , Dd          , Dd          , Dd          , Dd          , Dd          , Dd          , Dd          , Dd          , Dd          , Dd          
Mm          , Mm          , Mm          , Mm          , Mm          , Mm          , Mm          , Hhd         , Hd          , Hh          , Ww          , Wo          , Wo          , Ww          , Ww          , Wwf         , Wwf         , Wwf         , Rrc         , Rrc         , Rrc         , Wwf         , Gg^Vhc      , Ch          , Ch          , Ww          , Wo          , Ww          , Gg          , Gg          , Gg          , Gg          , Gg          , Gg          , Gg          , Gg          , Hhd         , Hd          , Dd          , Dd          , Dd          , Dd          , Dd          , Dd          , Dd          , Dd          , Dd          , Dd          , Rb^Srj      , Dd          , Dd          , Dd          , Dd          
Mm          , Mm          , Mm          , Mm          , Mm          , Mm          , Mm          , Hhd         , Hhd         , Hd          , Ww          , Wo          , Ww          , Ww          , Ww          , Ww          , Ch          , Gg^Vhc      , Rrc         , Gg          , Gg^Vhc      , Rrc         , Rrc         , Rrc         , Rrc         , Ww          , Wo          , Ww          , Gg          , Gg          , Gg          , Gg          , Gg          , Gg          , Gg          , Gg          , Hhd         , Hd          , Dd          , Dd          , Dd          , Dd          , Dd          , Dd^Vct      , Dd          , Dd          , Rb^Srjt     , Rb^Srgt     , 2 Rb^Sc     , Rb^Srst     , Dd          , Dd          , Dd          
Mm          , Mm          , Mm          , Mm          , Mm          , Mm          , Mm          , Mm          , Hh          , Hd          , Hd          , Ww          , Ww          , Wo          , Wo          , Ww          , Ww          , Gg          , Rrc         , Gg          , Gg          , Gg          , Rrc         , Gg          , Ch          , Wwf         , Wwf         , Wwf         , Gg          , Gg          , Gg          , Gg          , Gs          , Gs          , Gs          , Gg          , Hd          , Dd          , Dd          , Dd          , Dd          , Dd          , Dd          , Dd          , Dd          , Dd          , Rb^Srjs     , Rb^Vct      , Rb^Srgt     , Rb^Srg      , Dd          , Dd          , Dd          
Mm          , Mm          , Mm          , Mm          , Mm          , Mm          , Mm          , Mm          , Hh          , Hhd         , Hhd         , Hhd         , Gg          , Ww          , Ww          , Wo          , Wwf         , Wwf         , Ww          , Ch          , Ww          , Rrc         , Ch          , Gg          , Ww          , Ww          , Wo          , Wwf         , Gg          , Gg          , Gg          , Gg          , Gs          , Gs^Fms      , Gll^Fmf     , Gs          , Hd          , Hhd         , Hhd         , Dd          , Hd          , Dd          , Dd          , Dd          , Dd          , Dd          , Dd          , Rb^Sra      , Dd          , Dd          , Dd          , Dd          , Dd          
Mm          , Mm          , Mm          , Mm          , Mm          , Mm          , Hhd         , Hh          , Gg          , Gg          , Gg          , Gg          , Re^Vct      , Gg          , Gg          , Wwf         , Wwf         , Wo          , Wo          , Ww          , Wo          , Wwf         , Ww          , Ww          , Wo          , Wo          , Ww          , Ww          , Gg          , Gg          , Gg          , Gs          , Gll^Fmf     , Gs^Fms      , Gll^Fmf     , Gs          , Gs          , Hd          , Gg          , Hd          , Hd          , Dd          , Dd          , Dd          , Dd          , Dd          , Dd          , Dd          , Dd          , Dd          , Dd          , Dd          , Dd          
Mm          , Mm          , Mm          , Mm          , Mm          , Hhd         , Gg          , Gg          , Gg          , Gg          , Re^Vct      , Gg          , Gg^Srst     , Gg^Srat     , Gg^Srgt     , Gg          , Gg          , Ww          , Wo          , Wo          , Ww          , Wwf         , Wwf         , Ww          , Ww          , Ww          , Gg          , Gg          , Re^Vct      , Gg          , Gg          , Gs          , Gll^Fmf     , Gs^Fms      , Gs^Fms      , Gll^Fmf     , Gs          , Gg          , Gg          , Hhd         , Hhd         , Dd          , Dd          , Dd          , Dd          , Dd          , Dd          , Dd^Vct      , Dd          , Dd          , Dd          , Dd          , Dd          
Mm          , Mm          , Mm          , Mm          , Mm          , Hhd         , Gg          , Gg          , Gg          , Gg          , Gg          , Gg          , Gs^Srot     , 6 Gg^Sct    , Gg^Srjl     , Re^Vct      , Gg          , Ww          , Wo          , Ww          , Gg          , Gg          , Gg          , Gg          , Gg          , Gg          , Gg          , Gg          , Gg          , Gg          , Gs          , Gs          , Gll^Fmf     , Gll^Fmf     , Gs^Fms      , Gll^Fmf     , Gs          , Gg          , Gg          , Gg          , Hd          , Hd          , Hd          , Dd          , Dd          , Dd          , Dd          , Dd          , Dd          , Dd          , Dd          , Dd          , Dd          
Mm          , Mm          , Mm          , Mm          , Hh          , Hh          , Gg          , Gg          , Gg          , Gg          , Gs          , Gs          , Gs^Fms      , Gs^Srjt     , Gs          , Gg          , Gg          , Ww          , Wo          , Ww          , Gg          , Gg          , Re^Vct      , Gg          , Gg          , Gg          , Gg          , Gg          , Gg          , Gg          , Gs          , Gs          , Gs          , Gll^Fmf     , Gs^Fms      , Gll^Fmf     , Gs          , Gg          , Gg          , Gg          , Hd          , Hhd         , Hhd         , Hhd         , Hd          , Dd          , Dd          , Dd          , Dd          , Dd          , Dd          , Dd          , Dd          
Mm          , Mm          , Mm          , Mm          , Hh          , Gg          , Gg          , Gg          , Gg          , Gg          , Gs          , Gs^Fms      , Gs^Fms      , Gs          , Re^Vct      , Gs          , Gg          , Ww          , Ww          , Ww          , Gg          , Gg          , Gg          , Gg          , Gg          , Gg          , Gg          , Gg          , Gg          , Gs          , Gd^Fdf      , Gs          , Gs          , Gs          , Gs          , Gs          , Gg          , Gg          , Gg          , Gg          , Gg          , Hd          , Gg          , Hd          , Hhd         , Hd          , Hhd         , Dd          , Dd          , Dd          , Dd          , Dd          , Hd          
Mm          , Mm          , Mm          , Hhd         , Gg          , Gg          , Gg          , Gg          , Gg          , Gg          , Gs          , Gs^Fms      , Gll^Fmf     , Gll^Fmf     , Gll^Fmf     , Gs          , Gg          , Ww          , Wwf         , Wwf         , Ww          , Gg          , Gg          , Gg          , Gg          , Gg          , Gg          , Gg          , Gs          , Gs          , Gs^Fms      , Gll^Fmf     , Gll^Fmf     , Gs          , Gg          , Gg          , Gg          , Gg          , Gg          , Gg          , Gg          , Gg          , Gg          , Gg          , Gg          , Hhd         , Hd          , Hd          , Hhd         , Dd          , Hd          , Hhd         , Hhd         
Mm          , Mm          , Hhd         , Hhd         , Gg          , Gg          , Gg          , Gg          , Gg          , Gg          , Gs          , Gs^Fms      , Gs^Fms      , Gll^Fmf     , Gs^Fms      , Gs          , Gg          , Gg          , Gg          , Wwf         , Ww          , Ww          , Gg          , Gg          , Gg          , Gg          , Gg          , Gg          , Gs          , Gll^Fmf     , Gs^Fms      , Gll^Fmf     , Gll^Fmf     , Gs          , Gg          , Gg          , Gg          , Gg          , Gg          , Gg          , Gg          , Gg          , Gs          , Gg          , Gg          , Gg          , Gg          , Hd          , Hhd         , Hd          , Gg          , Hd          , Gg          
Mm          , Mm          , Hh          , Gg          , Gg          , Gg          , Gg          , Gs^Vh       , Gg          , Gg          , Gg          , Gs          , Gs          , Gs^Fms      , Gs          , Gs          , Gg          , Gg          , Gg          , Ww          , Wo          , Ww          , Gs          , Gg          , Gg          , Gg          , Gs          , Gs          , Gs          , Gll^Fmf     , Gll^Fmf     , Gs^Fms      , Gs^Fms      , Gs          , Gg          , Gg          , Gs^Vh       , Gg          , Gg          , Gg          , Gs          , Gs          , Gll^Fmf     , Gs          , Gs          , Gg          , Gg          , Gg          , Gg          , Gg          , Gg          , Gg          , Gg          
Mm          , Hh          , Gg          , Gg          , Gg          , Gg          , Gg          , Gg          , Gg          , Gg          , Gg          , Gg          , Gg          , Gs          , Gg          , Gg          , Gg          , Gg          , Ww          , Ww          , Wo          , Ww          , Gd^Fdf      , Gs          , Gs          , Gs          , Gs          , Gs          , Gs          , Gs^Fms      , Gs^Fms      , Gs^Fms      , Gs          , Gs          , Gg          , Gg          , Gg          , Gg          , Gg          , Gg          , Gs          , Gll^Fmf     , Gs^Fms      , Gll^Fmf     , Gs^Fms      , Gs          , Gs          , Gs          , Gs          , Gs          , Gs          , Gg          , Gg          
Mm          , Hh          , Gg          , Gg          , Gg          , Gg          , Gg          , Gg          , Gg          , Gg          , Gg          , Gg          , Gg          , Gg          , Gg          , Gg          , Gg          , Ww          , Wo          , Wo          , Ww          , Ww          , Gll^Fmf     , Gll^Fmf     , Gll^Fmf     , Gs          , Gs          , Gs          , Gs          , Gs          , Gs          , Gs          , Gg          , Gg          , Gg          , Gg          , Gg          , Gg          , Gg          , Gg          , Gs          , Gs^Fms      , Gll^Fmf     , Gs^Fms      , Gll^Fmf     , Gs          , Gs          , Gs^Fms      , Gs^Fms      , Gll^Fmf     , Gll^Fmf     , Gs          , Gg          
Hhd         , Hhd         , Gg          , Gg          , Gg          , Gg          , Gg          , Gg          , Gs          , Gg          , Gg          , Gg          , Gg          , Gg          , Gs^Vh       , Gg          , Gg          , Ww          , Ww          , Ww          , Gs          , Gd^Fdf      , Gs^Fms      , Gs^Fms      , Gs          , Gs          , Gg          , Gg          , Gg          , Gg          , Gg          , Gg          , Gg          , Gg          , Gg          , Gg          , Gg          , Gg          , Gg          , Gg          , Gs          , Gs^Fms      , Gs^Fms      , Gll^Fmf     , Gs          , Gs          , Gs          , Gll^Fmf     , Gll^Fmf     , Gs^Fms      , Gll^Fmf     , Gs          , Gs          
Hh          , Gg          , Gg          , Gg          , Gg          , Gg          , Gs          , Gs          , Gs^Fms      , Gs          , Gs          , Gg          , Gg          , Gg          , Gg          , Gg          , Gg          , Ww          , Wo          , Ww          , Gs          , Gs^Fms      , Gll^Fmf     , Gs^Fms      , Gs          , Gg          , Gg          , Gg          , Gg          , Gg          , Gg          , Gg          , Gg          , Gg          , Gg          , Gg          , Gg          , Gg          , Gg          , Gg          , Gg          , Gs          , Gs          , Gs          , Gg          , Gg          , Gg          , Gs          , Gll^Fmf     , Gs^Fms      , Gs^Fms      , Gs          , Gs          
Gg          , Gg          , Gg          , Gg          , Gg          , Gg          , Gs          , Gs^Fms      , Gll^Fmf     , Gll^Fmf     , Gs          , Gg          , Gg          , Gg          , Gg          , Gg          , Gg          , Ww          , Wo          , Ww          , Gs          , Gs          , Gs          , Gs          , Gg          , Gg          , Gg          , Gs^Vh       , Gg          , Gg          , Gg          , Gg          , Gg          , Gg          , Gg          , Gg          , Gg          , Gg          , Gg          , Gg          , Gg          , Gg          , Gg          , Gg          , Gg          , Gg          , Gg          , Gs          , Gs^Fms      , Gs^Fms      , Gs          , Gs          , Gg          
Gg          , Gg          , Gg          , Gg          , Gg          , Gg          , Gs          , Gs^Fms      , Gs^Fms      , Gll^Fmf     , Gll^Fmf     , Gs          , Gg          , Gg          , Gg          , Gg          , Gg          , Ww          , Wo          , Ww          , Gs          , Gs          , Gs          , Gg          , Gg          , Gg          , Gg          , Gg          , Gg          , Gg          , Gg          , Gg          , Gg          , Gg          , Gg          , Gg          , Gg          , Gg          , Gg          , Gg          , Gg          , Gg          , Gg          , Gg          , Gg          , Gg          , Gg          , Gs          , Gs          , Gs          , Gs          , Gs          , Gg          
Gg          , Gg          , Gg          , Gg          , Gg          , Gg          , Gs          , Gll^Fmf     , Gs^Fms      , Gll^Fmf     , Gs^Fms      , Gs          , Gg          , Gg          , Gg          , Gg          , Ww          , Ww          , Ww          , Ww          , Gs          , Gs          , Gs          , Gg          , Gg          , Gg          , Gg          , Gg          , Gg          , Gg          , Gg          , Gg          , Gg          , Gg          , Gs          , Gs          , Gs          , Gg          , Gg          , Gg          , Gg          , Gg          , Gg          , Gg          , Gs^Vh       , Gg          , Gg          , Gg          , Gg          , Gg          , Gg          , Gg          , Gg          
Gg          , Gg          , Gg          , Gg          , Gg          , Gg          , Gg          , Gs          , Gs          , Gs^Fms      , Gs          , Gs          , Gg          , Gg          , Gg          , Gg          , Ww          , Wo          , Ww          , Gs          , Gs^Fms      , Gs          , Gs          , Gs          , Gg          , Gg          , Gg          , Gg          , Gg          , Gg          , Gg          , Gg          , Gg          , Gg          , Gs          , Gs^Fms      , Gll^Fmf     , Gs          , Gg          , Gg          , Gg          , Gg          , Gg          , Gg          , Gg          , Gg          , Gg          , Gg          , Gg          , Gg          , Gg          , Gg          , Gg          
Gg          , Gg          , Gg          , Gg          , Gg          , Gg          , Gg          , Gg          , Gg          , Gs          , Gg          , Gg          , Gg          , Gg          , Gg          , Gg          , Ww          , Wo          , Ww          , Gs          , Gs^Fms      , Gll^Fmf     , Gs          , Gs          , Gs          , Gg          , Gg          , Gg          , Gg          , Gg          , Gg          , Gg          , Gg          , Gs          , Gll^Fmf     , Gs^Fms      , Gll^Fmf     , Gs          , Gs          , Gg          , Gg          , Gg          , Gg          , Gg          , Gg          , Gg          , Gg          , Gg          , Gg          , Gg          , Gg          , Gg          , Gg          
Gg          , Gg          , Gg          , Gg          , Gg          , Gs^Vh       , Gg          , Gg          , Gg          , Gg          , Gg          , Gg          , Gg          , Gg          , Gg          , Gg          , Ww          , Wo          , Ww          , Gll^Fmf     , Gll^Fmf     , Gll^Fmf     , Gll^Fmf     , Gs          , Gll^Fmf     , Gs          , Gs          , Gg          , Gg          , Gg          , Gg          , Gg          , Gg          , Gs          , Gll^Fmf     , Gs^Fms      , Gs^Fms      , Gll^Fmf     , Gs^Fms      , Gs          , Gg          , Gg          , Gg          , Gg          , Gg          , Gg          , Gg          , Gg          , Gg          , Gg          , Gg          , Gg          , Gg          
Gg          , Gg          , Gg          , Gg          , Gg          , Gg          , Gg          , Gg          , Gg          , Gg          , Gg          , Gg          , Gg          , Gg          , Gg          , Ww          , Wo          , Ww          , Gd          , Gd^Fdf      , Gll^Fmf     , Gll^Fmf     , Gll^Fmf     , Gll^Fmf     , Gs^Fms      , Gs^Fms      , Gs          , Gg          , Gg          , Gg          , Gg          , Gg          , Gs          , Gs          , Gs          , Gll^Fmf     , Gs          , Gs^Fms      , Gs          , Gs          , Gg          , Gg          , Gg          , Gg          , Gg          , Gg          , Gg          , Gg          , Gg          , Gg          , Gg          , Gg          , Gg          
Gg          , Gg          , Gs          , Gs          , Gs          , Gg          , Gg          , Gg          , Gg          , Gg          , Gg          , Gg          , Gg          , Gg          , Gg          , Ww          , Ww          , Ww          , Ww          , Gd^Fdf      , Gs^Fms      , Gs^Fms      , Gs^Fms      , Gs^Fms      , Gll^Fmf     , Gs          , Gs          , Gg          , Gg          , Gs^Vh       , Gg          , Gg          , Gs          , Gll^Fmf     , Gll^Fmf     , Gs          , Gg          , Gs          , Gg          , Gg          , Gg          , Gg          , Gg          , Gg          , Gg          , Gg          , Gg          , Gg          , Gg          , Gg          , Gg          , Gg          , Gg          
Gg          , Gs          , Gs^Fms      , Gll^Fmf     , Gll^Fmf     , Gs          , Gs          , Gg          , Gg          , Gg          , Gg          , Gg          , Gg          , Gg          , Gg          , Gg          , Ww          , Wo          , Ww          , Gs          , Gs          , Gll^Fmf     , Gll^Fmf     , Gll^Fmf     , Gs          , Gs          , Gg          , Gg          , Gg          , Gg          , Gg          , Gg          , Gs          , Gs^Fms      , Gll^Fmf     , Gs          , Gg          , Gg          , Gg          , Gg          , Gll^Srot    , Gll         , Gll^Srst    , Gg          , Gg          , Gg          , Gg          , Gg          , Gg          , Gg          , Gg          , Gg          , Gg          
Gg          , Gs          , Gs^Fms      , Gll^Fmf     , Gll^Fmf     , Gll^Fmf     , Gs^Fms      , Gs          , Gg          , Gg          , Gg          , Gs^Vh       , Gg          , Gg          , Gg          , Gg          , Gg          , Ww          , Wo          , Ww          , Wwf         , Gs          , Gs          , Gs          , Gg          , Gg          , Gg          , Gg          , Gg          , Gg          , Gg          , Gs          , Gll^Fmf     , Gs^Fms      , Gs          , Gs          , Gg          , Gg          , Gll^Srat    , Re          , Re          , Re          , Re          , Re          , Gll^Srjt    , Gg          , Gg          , Gg          , Gg          , Gg          , Gg          , Gg          , Gg          
Gg          , Gs          , Gs          , Gs^Fms      , Gs^Fms      , Gs^Fms      , Gs^Fms      , Gs          , Gg          , Gg          , Gg          , Gg          , Gg          , Gg          , Gg          , Gg          , Gg          , Ww          , Ww          , Ww          , Wwf         , Wwf         , Ww          , Ww          , Ww          , Gg          , Gg          , Gg          , Gg          , Gg          , Gg          , Gs          , Gll^Fmf     , Gs^Fms      , Gll^Fmf     , Gs          , Gg          , Gll         , Re          , Re          , Gd^Srg      , Gd^Srs      , Gd^Sro      , Re          , Re          , Gll         , Gg          , Gg          , Gg          , Gg          , Gg          , Gg          , Gg          
Gg          , Gg          , Gs          , Gll^Fmf     , Gll^Fmf     , Gll^Fmf     , Gs          , Gs          , Gg          , Gg          , Gg          , Gg          , Gg          , Gg          , Gg          , Gg          , Gg          , Gg          , Gg          , Gg          , Gs          , Ww          , Ww          , Wo          , Wo          , Ww          , Ww          , Gg          , Gg          , Gg          , Gg          , Gs          , Gs^Fms      , Gs^Fms      , Gll^Fmf     , Gs          , Gg          , Gll         , Re          , Re^Vct      , Gd^Srjs     , 4 Gd^Sc     , Gd^Srj      , Re^Vct      , Re          , Gll         , Gg          , Gg          , Gs^Vh       , Gg          , Gg          , Gg          , Gg          
Gg          , Gg          , Gg          , Gs          , Gs          , Gs          , Gs          , Gs          , Gs          , Gg          , Gs          , Gs          , Gs          , Gg          , Gg          , Gg          , Gg          , Gg          , Gg          , Gs          , Gs          , Gs^Fms      , Gll^Fmf     , Ww          , Ww          , Wo          , Ww          , Gg          , Gg          , Gg          , Gg          , Gs          , Gs          , Gll^Fmf     , Gs          , Gs          , Gg          , Gll         , Gll^Srjt    , Re          , Re          , Gd^Sra      , Re          , Re          , Gll^Srat    , Gll         , Gg          , Gg          , Gg          , Gg          , Gg          , Gg          , Gg          
Gg          , Gg          , Gg          , Gg          , Gg          , Gs          , Gs          , Gs          , Gs          , Gs          , Gll^Fmf     , Gll^Fmf     , Gs^Fms      , Gs          , Gg          , Gg          , Gg          , Gg          , Gg          , Gs          , Gll^Fmf     , Gs^Fms      , Gs^Fms      , Gll^Fmf     , Gs          , Ww          , Wo          , Ww          , Gg          , Gg          , Gg          , Gg          , Gg          , Gs          , Gg          , Gg          , Gg          , Gg          , Gg          , Re          , Gll^Srgt    , Re          , Gll^Srjl    , Re          , Gg          , Gg          , Gg          , Gg          , Gg          , Gg          , Gg          , Gg          , Gg          
Gg          , Gg          , Gg          , Gg          , Gg          , Gs          , Gs          , Gll^Fmf     , Gs^Fms      , Gll^Fmf     , Gs^Fms      , Gs^Fms      , Gll^Fmf     , Gs          , Gg          , Re^Vct      , Ce          , Re^Vct      , Gg          , Gs          , Gll^Fmf     , Gs^Fms      , Gll^Fmf     , Gs^Fms      , Gs          , Ww          , Ww          , Ww          , Ww          , Gg          , Gg          , Gg          , Gg          , Gg          , Gg          , Gg          , Gg          , Gg          , Gg          , Gg          , Gg          , Gll         , Gg          , Gg          , Gg          , Gg          , Gg          , Gg          , Gg          , Gg          , Gg          , Gg          , Gg          
Gg          , Gg          , Gg          , Gg          , Gg          , Gg          , Gs          , Gll^Fmf     , Gll^Fmf     , Gs^Fms      , Gs          , Gll^Fmf     , Gs          , Gs          , Gg          , Ce          , 1 Ke        , Ce          , Re^Vct      , Gs          , Gs          , Gll^Fmf     , Gs          , Gs          , Gg          , Gg          , Ww          , Wo          , Wo          , Ww          , Gg          , Gg          , Gg          , Gg          , Gg          , Gg          , Gs^Vh       , Gg          , Gg          , Gg          , Gg          , Gg          , Gg          , Gg          , Gg          , Gg          , Gg          , Gg          , Gg          , Gg          , Gg          , Gg          , Gg          
Gg          , Gg          , Gg          , Gg          , Gg          , Gg          , Gg          , Gs          , Gs          , Gs          , Gg          , Gs          , Gg          , Gg          , Gg          , Gg          , Gg          , Ce          , Gg          , Gg          , Gg          , Gs          , Gg          , Gg          , Gg          , Gg          , Gg          , Ww          , Ww          , Ww          , Gg          , Gg          , Gg          , Gg          , Gg          , Gg          , Gg          , Gg          , Gg          , Gg          , Gg          , Gg          , Gg          , Gg          , Gg          , Gg          , Gg          , Gg          , Gg          , Gg          , Gg          , Gg          , Gg          
Gg          , Gg          , Gg          , Gg          , Gg          , Gg          , Gg          , Gg          , Gg          , Gg          , Gg          , Gg          , Gg          , Gg          , Gg          , Gg          , Gg          , Gg          , Gg          , Gg          , Gg          , Gg          , Gg          , Gg          , Gg          , Gg          , Gg          , Ww          , Wo          , Ww          , Gg          , Gg          , Gg          , Gg          , Gg          , Gg          , Gg          , Gg          , Gg          , Gg          , Gg          , Gg          , Gg          , Gg          , Gg          , Gg          , Gg          , Gg          , Gg          , Gg          , Gg          , Gg          , Gg          
Gg          , Gg          , Gg          , Gg          , Gg          , Gg          , Gg          , Gg          , Gg          , Gg          , Gg          , Gg          , Gg          , Gg          , Gg          , Gg          , Gg          , Gg          , Gg          , Gg          , Gg          , Gg          , Gg          , Gg          , Gg          , Gg          , Gg          , Ww          , Wo          , Ww          , Gg          , Gg          , Gg          , Gg          , Gg          , Gg          , Gg          , Gg          , Gg          , Gg          , Gg          , Gg          , Gg          , Gg          , Gg          , Gg          , Gg          , Gg          , Gg          , Gg          , Gg          , Gg          , Gg          
