border_size=1
usage=map

Dd          , Dd          , Dd          , Dd          , Dd^Edp      , Dd          , Dd          , Dd          , Dd          , Dd          , Dd          , Dd          , Dd          , Dd          , Dd          , Dd          , Dd^Es       , Dd          , Dd          , Dd          , Dd          , Dd          , Dd          , Dd          , Dd          , Dd          , Dd          , Dd          , Dd          , Dd^Edpp     , Dd          , Dd^Edp      , Dd          , Dd          , Dd          , Dd          , Dd          , Dd          , Dd          , Dd          , Dd          , Dd          , Dd          , Dd          , Dd          , Dd          , Dd          , Dd          , Dd          
Dd          , Dd          , Dd          , Dd          , Dd          , Dd          , Dd          , Dd^Edpp     , Dd          , Dd          , Cd          , Dd          , Dd          , Dd          , Dd          , Dd          , Dd          , Dd          , Dd          , Dd          , Dd          , Dd          , Dd          , Dd          , Dd          , Dd          , Dd          , Dd          , Dd          , Dd          , Dd          , Dd          , Dd          , Dd          , Dd^Es       , Dd          , Dd          , Dd          , Dd          , Dd          , Dd          , Dd          , Dd          , Dd          , Dd          , Dd          , Dd          , Dd          , Dd          
Dd          , Dd          , Dd          , Dd          , Dd          , Dd          , Dd          , Dd          , Dd^Vda      , Dd          , Dd          , Dd          , Dd^Vda      , Dd          , Dd          , Dd          , Dd          , Dd          , Dd          , Dd^Es       , Dd          , Dd          , Dd          , Dd          , Dd          , Dd          , Dd          , Dd          , Dd^Esd      , Dd          , Dd          , Dd          , Dd^Esd      , Dd          , Dd          , Dd          , Dd^Edpp     , Dd          , Dd          , Dd          , Dd          , Dd          , Dd          , Dd          , Dd          , Dd          , Dd          , Dd          , Dd          
Dd          , Dd          , Dd          , Dd          , Dd          , Dd          , Cd          , Dd          , Dd          , Dd          , Cd          , Dd          , Dd          , Dd          , Dd          , Dd^Esd      , Dd          , Dd          , Dd          , Dd          , Dd          , Dd          , Dd          , Dd          , Dd          , Dd          , Dd          , Dd^Edp      , Dd          , Dd          , Dd          , Dd          , Dd          , Dd          , Dd          , Dd          , Dd^Esd      , Dd          , Dd          , Dd          , Dd          , Dd          , Dd^Esd      , Dd          , Dd          , Dd          , Dd          , Dd          , Dd          
Dd^Edp      , Dd          , Dd          , Dd          , Dd          , Dd          , Dd          , Dd          , Dd^Edpp     , Cd          , 6 Kd        , Cd          , Dd          , Dd          , Dd          , Cd          , Dd          , Dd          , Dd          , Dd          , Dd          , Dd          , Dd          , Dd          , Dd^Vdt      , Dd          , Dd          , Dd          , Dd          , Dd          , Dd          , Dd          , Dd          , Dd          , Dd          , Dd          , Dd          , Dd^Esd      , Dd          , Dd          , Dd^Edpp     , Dd          , Dd          , Dd          , Dd          , Dd          , Dd          , Dd          , Dd          
Dd          , Dd^Esd      , Dd          , Dd          , Dd          , Dd^Es       , Dd          , Dd          , Dd^Vda      , Cd          , Cd          , Cd          , Dd          , Dd^Vda      , Dd          , Dd          , Dd          , Dd          , Dd          , Dd          , Dd          , Dd          , Dd          , Dd          , Dd          , Dd          , Dd          , Dd          , Dd          , Dd^Vdt      , Dd          , Dd^Es       , Dd          , Dd          , Dd^Edpp     , Dd          , Dd          , Dd          , Dd          , Dd          , Dd          , Dd          , Dd          , Dd          , Dd          , Dd          , Dd          , Dd          , Dd          
Dd          , Dd          , Dd          , Dd          , Dd          , Dd          , Dd          , Dd          , Dd          , Dd          , Dd          , Dd          , Dd          , Dd          , Dd          , Dd          , Dd          , Dd          , Dd          , Dd          , Dd          , Dd^Edpp     , Dd          , Dd          , Dd          , Dd          , Dd          , Dd          , Dd          , Dd          , Dd          , Dd^Edp      , Dd          , Dd          , Dd          , Dd          , Dd^Esd      , Dd^Edp      , Dd          , Dd          , Dd          , Dd          , Dd          , Dd          , Dd          , Dd^Es       , Dd          , Dd          , Dd          
Dd          , Dd          , Dd          , Dd^Edp      , Dd          , Dd          , Dd          , Cd          , Dd          , Dd          , Dd          , Cd          , Dd          , Dd          , Dd          , Dd          , Dd          , Dd          , Dd          , Dd          , Dd          , Dd          , Dd          , Dd^Edpp     , Dd          , Dd          , Ce          , Ce          , Ce          , Dd          , Dd          , Dd          , Dd          , Dd          , Dd^Edp      , Dd          , Dd          , Dd          , Dd          , Dd          , Dd          , Dd^Vdt      , Dd          , Dd          , Dd          , Dd          , Dd          , Dd          , Dd          
Dd          , Dd          , Dd          , Dd          , Dd^Edp      , Dd          , Dd          , Dd          , Dd          , Dd          , Dd          , Dd          , Dd          , Dd          , Dd          , Dd          , Dd          , Dd          , Dd          , Dd          , Dd          , Dd          , Dd          , Dd          , Dd          , Dd^Edpp     , Ce          , 1 Ke        , Ce          , Dd          , Dd          , Dd^Es       , Dd          , Dd          , Dd          , Dd          , Dd          , Dd          , Dd          , Dd          , Ce          , Ce          , Ce          , Dd          , Dd          , Dd^Vdt      , Dd          , Dd          , Dd          
Dd          , Dd          , Dd          , Dd^Edpp     , Dd          , Dd          , Dd          , Dd          , Dd          , Dd          , Dd          , Dd^Edpp     , Dd          , Dd          , Dd          , Dd          , Dd          , Dd          , Dd          , Dd          , Dd          , Dd          , Dd          , Dd^Vdt      , Dd          , Dd          , Dd          , Ce          , Dd          , Dd          , Dd          , Dd^Vdt      , Dd          , Dd          , Dd          , Dd          , Dd          , Dd          , Dd          , Dd          , Ce          , 7 Ke        , Ce          , Dd          , Dd          , Dd          , Dd          , Dd          , Dd          
Ww          , Dd          , Dd          , Dd          , Dd          , Dd          , Dd          , Dd          , Dd          , Dd          , Dd          , Dd          , Dd          , Dd          , Dd          , Dd          , Dd          , Dd^Edpp     , Dd          , Dd          , Dd          , Dd          , Dd^Edpp     , Dd          , Dd          , Dd          , Dd          , Dd          , Dd          , Dd          , Dd          , Dd          , Dd          , Dd^Es       , Dd          , Dd          , Dd^Vdt      , Dd          , Dd          , Dd          , Dd          , Ce          , Dd          , Dd          , Dd          , Dd          , Dd          , Dd          , Dd          
Ww          , Ww          , Ww          , Dd          , Ww          , Ww          , Ww          , Dd          , Dd          , Dd          , Dd          , Dd          , Dd          , Dd          , Dd          , Dd          , Dd          , Dd          , Dd          , Dd          , Dd          , Dd          , Dd          , Dd          , Dd          , Dd          , Dd          , Dd^Edpp     , Dd          , Dd^Vdt      , Dd          , Dd          , Dd          , Dd          , Dd          , Dd          , Dd          , Dd          , Dd          , Dd          , Dd          , Dd          , Dd          , Dd          , Dd          , Dd          , Dd          , Dd          , Dd          
Aa          , Ww          , Ai          , Ww          , Ai          , Ai          , Ai          , Ww          , Ww          , Dd^Edpp     , Dd^Edp      , Dd          , Dd          , Dd          , Dd^Edp      , Dd          , Dd^Esd      , Dd          , Dd          , Dd          , Dd          , Dd          , Dd          , Dd          , Dd          , Dd          , Dd          , Dd          , Dd          , Dd          , Dd          , Dd          , Dd          , Dd          , Dd          , Dd          , Dd^Es       , Dd          , Dd          , Dd          , Dd          , Dd^Vdt      , Dd          , Dd          , Dd          , Dd          , Dd          , Dd^Esd      , Dd          
Aa          , Aa          , Aa          , Ai          , Aa          , Aa          , Aa          , Ww          , Ww          , Ww          , Ww          , Dd          , Dd^Edp      , Dd          , Dd          , Dd          , Dd          , Dd          , Dd          , Dd          , Dd          , Dd          , Dd          , Dd^Edp      , Dd^Edpp     , Dd          , Dd          , Dd          , Dd          , Dd          , Dd          , Dd          , Dd          , Dd          , Dd          , Dd          , Dd^Esd      , Dd          , Dd          , Dd^Es       , Dd          , Dd          , Dd          , Dd          , Dd          , Dd          , Dd          , Dd          , Dd          
Aa          , Aa          , Aa          , Aa          , Aa          , Aa          , Aa          , Aa          , Aa          , Ww          , Ww          , Ww          , Ww          , Ww          , Ww          , Dd          , Dd          , Dd          , Dd^Esd      , Dd          , Dd^Edp      , Dd          , Dd          , Dd          , Dd          , Dd          , Dd          , Dd          , Dd          , Dd          , Dd          , Dd          , Dd          , Dd          , Dd^Es       , Dd          , Dd          , Dd          , Dd          , Dd          , Dd          , Dd          , Dd          , Dd          , Dd          , Dd          , Dd^Esd      , Dd          , Dd          
Aa          , Aa          , Aa          , Aa          , Aa          , Aa          , Aa          , Aa          , Aa          , Aa          , Aa          , Ai          , Ai          , Ww          , Ww          , Ww          , Ww          , Dd^Edpp     , Dd          , Dd          , Dd          , Dd          , Dd          , Dd          , Dd          , Dd^Esd      , Dd          , Dd          , Dd^Edpp     , Dd          , Dd          , Dd          , Dd          , Dd          , Dd          , Dd          , Dd^Esd      , Dd          , Dd          , Dd          , Dd          , Dd          , Dd          , Dd          , Dd^Edpp     , Dd          , Dd          , Dd          , Dd          
Aa          , Aa          , Aa          , Aa^Voa      , Aa          , Aa          , Aa          , Aa          , Aa          , Aa          , Aa          , Aa          , Aa          , Aa          , Aa          , Ww          , Ww          , Ww          , Ww          , Ai          , Ai          , Dd          , Ww          , Dd          , Dd          , Dd          , Dd          , Dd          , Dd^Edp      , Dd          , Dd          , Dd          , Dd          , Dd^Edp      , Dd          , Dd          , Dd          , Dd          , Dd          , Dd          , Dd          , Dd          , Dd          , Dd          , Dd          , Dd          , Dd          , Dd          , Dd          
Aa          , Aa          , Aa          , Aa          , Aa          , Aa          , Aa          , Aa          , Aa          , Aa^Voa      , Aa          , Aa          , Aa          , Aa          , Aa          , Aa          , Aa          , Ww          , Ai          , Ai          , Ww          , Ww          , Ww          , Ww          , Ww          , Dd          , Ww          , Dd          , Dd^Edp      , Dd          , Dd          , Dd          , Dd          , Dd          , Dd          , Dd          , Dd          , Dd          , Dd          , Dd          , Dd^Es       , Dd^Esd      , Dd          , Dd          , Dd          , Dd          , Dd          , Dd          , Dd^Es       
Aa          , Aa          , Aa          , Aa          , Aa          , Aa          , Aa          , Aa          , Aa          , Aa          , Aa          , Aa          , Aa          , Aa          , Aa          , Aa          , Aa          , Aa          , Aa          , Aa          , Aa          , Ww          , Aa          , Ww          , Ai          , Ww          , Ww          , Ww          , Ai          , Dd          , Dd^Es       , Dd          , Dd          , Dd          , Dd          , Dd          , Dd          , Dd          , Dd          , Dd^Es       , Dd          , Dd          , Dd          , Dd          , Dd          , Dd          , Dd          , Dd          , Dd          
Aa          , Aa          , Aa          , Aa          , Aa          , Aa^Fma      , Aa^Fma      , Aa^Fma      , Aa          , Aa          , Aa          , Aa          , Aa          , Aa          , Aa          , Aa          , Aa          , Aa          , Aa          , Aa          , Aa          , Aa          , Aa          , Aa          , Aa          , Ai          , Aa          , Ww          , Ai          , Ai          , Ai          , Dd          , Dd          , Dd          , Dd          , Dd          , Dd          , Dd          , Dd          , Dd          , Dd          , Dd          , Dd          , Dd          , Dd^Es       , Dd          , Dd          , Dd          , Dd          
Aa          , Aa          , Aa          , Aa          , Aa          , Aa          , Aa^Fma      , Aa^Fma      , Aa          , Aa          , Aa          , Aa          , Aa          , Aa          , Aa^Fma      , Aa          , Aa          , Aa          , Aa          , Aa          , Aa^Voa      , Aa          , Aa          , Aa          , Aa          , Aa          , Aa          , Aa          , Aa          , Ai          , Ai          , Ai          , Ww          , Dd          , Dd          , Dd          , Dd^Es       , Dd^Esd      , Dd          , Dd          , Dd          , Dd          , Dd          , Dd          , Dd          , Dd          , Dd          , Dd          , Dd^Edp      
Aa          , Aa          , Aa          , Aa          , Aa          , Aa          , Aa          , Aa          , Aa          , Aa^Voa      , Aa          , Aa          , Aa          , Aa^Fma      , Aa^Fma      , Aa          , Aa          , Aa          , Aa          , Aa          , Aa          , Aa          , Aa          , Aa          , Aa          , Aa          , Aa          , Aa          , Aa          , Aa          , Aa          , Ww          , Ww          , Ww          , Ww          , Dd          , Dd          , Dd          , Dd          , Dd          , Dd          , Dd          , Dd          , Dd          , Dd          , Dd          , Dd          , Dd          , Dd          
Aa          , Aa          , Aa          , Aa          , Aa          , Aa          , Aa          , Aa          , Aa          , Aa          , Aa          , Aa          , Aa          , Aa          , Aa          , Aa          , Aa          , Aa          , Aa          , Aa          , Aa          , Aa          , Aa          , Aa          , Aa          , Aa          , Aa          , Aa^Voa      , Aa          , Aa          , Aa          , Aa          , Aa          , Ww          , Ww          , Dd          , Dd          , Dd          , Dd^Esd      , Dd          , Dd          , Dd          , Dd          , Dd          , Dd          , Dd          , Dd          , Dd          , Dd          
Aa          , Aa          , Aa          , Aa          , Ha          , Aa          , Aa          , Aa          , Ha          , Ha          , Ha          , Aa          , Ha          , Aa          , Aa          , Aa          , Aa          , Aa          , Aa          , Aa          , Aa          , Aa          , Aa          , Aa          , Aa          , Aa          , Aa          , Aa          , Aa          , Aa          , Aa          , Aa          , Aa          , Ai          , Ai          , Ww          , Ww          , Dd          , Dd          , Dd          , Dd          , Dd          , Dd          , Dd          , Dd          , Dd          , Dd          , Dd          , Dd^Es       
Ha          , Ha          , Ha          , Ha          , Ha          , Ha          , Ha          , Ha          , Coa         , Ha          , Ha^Fda      , Ha^Fda      , Ha^Fda      , Ha          , Ha          , Aa          , Ha          , Ha          , Ha          , Aa          , Aa          , Aa          , Aa          , Aa          , Aa^Fma      , Aa^Fma      , Aa^Fma      , Aa          , Aa          , Aa          , Aa          , Aa          , Aa          , Aa          , Aa          , Ww          , Ww          , Ww          , Ai          , Dd          , Dd          , Dd          , Dd          , Dd          , Dd          , Dd          , Dd          , Dd          , Dd^Esd      
Ha          , Ha          , Ha^Fda      , Ha^Fda      , Ha          , Ha          , Ha          , Ha          , Coa         , Coa         , Aa          , Ha^Fda      , Ha          , Ha          , Ha          , Ha^Fda      , Ha^Fda      , Ha          , Ha          , Ha          , Ha          , Aa          , Aa          , Aa          , Aa          , Aa^Fma      , Aa          , Aa          , Aa          , Aa          , Aa          , Aa          , Aa          , Aa          , Aa          , Aa          , Aa          , Ww          , Ww          , Ai          , Ww          , Dd          , Dd          , Dd          , Dd          , Dd          , Dd          , Dd          , Dd          
Ha          , Ha          , Ha          , Ha^Fda      , Aa          , Aa          , Aa          , Aa          , Aa          , Aa          , Aa          , Aa          , Aa          , Ha          , Aa          , Ha          , Ha          , Ha^Fda      , Ha          , Ha          , Ha^Fda      , Ha^Fda      , Ha          , Aa          , Ha          , Aa          , Aa          , Aa          , Aa          , Aa          , Aa          , Aa^Voa      , Aa          , Aa          , Aa          , Aa          , Aa          , Aa          , Aa          , Ww          , Ww          , Ww          , Ww          , Dd          , Dd          , Dd          , Dd          , Dd          , Dd          
Ha          , Ha          , Coa         , Coa         , Aa          , Aa^Voa      , Aa          , Aa          , Rb          , Aa          , Aa          , Aa^Voa      , Rb          , Aa          , Aa          , Aa          , Aa          , Aa          , Ha          , Ha          , Ha          , Ha^Fda      , Ha          , Ha          , Ha          , Ha          , Ha          , Aa          , Ha          , Aa          , Aa          , Aa          , Aa          , Aa          , Aa^Fma      , Aa          , Aa          , Aa          , Aa          , Aa          , Aa          , Ww          , Ai          , Ww          , Ww          , Dd          , Dd          , Dd^Es       , Dd          
Ha          , Ha          , Coa         , Coa         , Aa          , Aa          , Rb          , Rb          , Aa          , Rb          , Rb          , Rb          , Coa         , Rb          , Rb          , Aa          , Aa          , Ha          , Coa         , Coa         , Ha          , Ha          , Aa          , Ha          , Ha          , Ha^Fda      , Ha          , Ha          , Ha^Fda      , Ha          , Ha          , Aa          , Aa          , Aa^Fma      , Aa^Fma      , Aa^Fma      , Aa          , Aa          , Aa          , Aa          , Aa          , Aa          , Aa          , Ai          , Ww          , Ww          , Ww          , Dd^Edp      , Dd          
Aa          , Aa          , Aa          , Aa          , Rb          , Rb          , Coa         , Aa          , Coa         , Aa          , Rb          , Coa         , 4 Koa       , Coa         , Rb          , Aa          , Aa          , Ha          , Rb          , Coa         , Ha          , Aa          , Aa          , Coa         , Coa         , Ha^Fda      , Ha          , Ha          , Ha          , Ha^Fda      , Ha          , Ha          , Aa          , Aa          , Aa          , Aa          , Aa          , Aa          , Aa          , Aa          , Aa          , Aa          , Aa          , Aa          , Aa          , Ww          , Ww          , Ai          , Ai          
Aa          , Aa          , Aa^Voa      , Rb          , Coa         , Aa^Voa      , 5 Koa       , Coa         , Aa          , Aa          , Rb          , Coa         , Coa         , Coa         , Rb          , Rb          , Rb          , Rb          , Ha          , Rb          , Rb          , Aa          , Aa          , Coa         , Rb          , Aa          , Aa          , Coa         , Coa         , Ha          , Ha          , Ha          , Ha^Fda      , Aa          , Aa          , Aa          , Aa          , Aa          , Aa^Fma      , Aa^Fma      , Aa          , Aa^Voa      , Aa          , Aa          , Aa          , Aa          , Aa          , Ai          , Ai          
Rb          , Aa          , Rb          , Rb          , Aa          , Coa         , Coa         , Aa^Voa      , Aa          , Aa          , Aa          , Rb          , Rb          , Rb          , Aa          , Aa          , Coa         , Ha          , Ha          , Ha          , Aa^Voa      , Rb          , Aa          , Aa          , Rb          , Aa^Voa      , Rb          , Coa         , Aa          , Ha          , Ha          , Ha^Fda      , Ha^Fda      , Aa          , Aa          , Aa          , Aa          , Aa^Fma      , Aa^Fma      , Aa^Fma      , Aa          , Aa          , Aa          , Aa          , Aa          , Aa          , Aa          , Ai          , Ai          
Aa          , Rb          , Coa         , Aa          , Aa          , Aa          , Aa          , Aa          , Aa          , Aa          , Aa          , Aa^Voa      , Aa          , Aa          , Aa          , Aa          , Coa         , Coa         , Ha          , Ha          , Rb          , Rb          , Rb          , Rb          , Coa         , Rb          , Rb          , Aa          , Aa          , Aa          , Aa          , Ha          , Ha          , Ha          , Ha          , Aa          , Aa          , Aa          , Aa          , Aa          , Aa          , Aa          , Aa^Fma      , Aa          , Aa          , Aa          , Aa          , Ai          , Ai          
Ha          , Aa          , Coa         , Coa         , Ha          , Ha^Fda      , Ha^Fda      , Aa          , Ha          , Ha          , Ha          , Aa          , Ha          , Aa          , Ha          , Ha          , Ha          , Rb          , Rb          , Rb          , Aa          , Aa          , Rb          , Coa         , 2 Koa       , Coa         , Rb          , Aa          , Aa^Voa      , Aa          , Aa          , Coa         , Coa         , Ha          , Ha^Fda      , Ha          , Ha          , Aa          , Aa          , Aa          , Aa          , Aa          , Aa          , Aa^Fma      , Aa          , Aa          , Aa          , Ai          , Ai          
Ha          , Ha          , Ha          , Ha          , Ms          , Ha^Fda      , Ha          , Ha          , Ha          , Ha          , Ms          , Ha          , Ha          , Ha          , Ha^Fda      , Ha^Fda      , Ha          , Aa          , Aa          , Aa^Voa      , Aa          , Aa          , Rb          , Coa         , Coa         , Coa         , Rb          , Aa          , Rb          , Aa          , Rb          , Coa         , Ha          , Ha          , Ha          , Ha^Fda      , Ha          , Ha          , Ha          , Aa          , Coa         , Aa          , Aa          , Aa          , Aa^Voa      , Aa          , Aa          , Aa          , Aa          
Ms          , Ha          , Ms^Xm       , Ms          , Ms          , Ms^Xm       , Ms          , Ha          , Ms          , Ms          , Ms^Xm       , Ms          , Ms          , Ha          , Ha          , Ha^Fda      , Ha          , Aa          , Aa          , Aa          , Rb          , Rb          , Aa^Voa      , Rb          , Rb          , Rb          , Aa          , Rb          , Aa          , Rb          , Rb          , Ha          , Ha          , Ha          , Aa          , Ha          , Aa          , Ha          , Ha          , Coa         , Coa         , Aa          , Aa          , Aa          , Aa          , Aa          , Aa          , Aa          , Aa          
Ms          , Ms          , Ms          , Ms          , Ms          , Ms          , Ms^Xm       , Ms          , Ms          , Ms          , Ms          , Ms          , Ms          , Ms          , Ms          , Ha          , Ha          , Ha          , Coa         , Coa         , Rb          , Aa          , Aa          , Aa          , Rb          , Aa          , Aa          , Rb          , Aa^Voa      , Aa          , Rb          , Ha          , Aa^Voa      , Aa          , Rb          , Rb          , Rb          , Aa^Voa      , Aa          , Ha          , Ha          , Aa          , Aa          , Aa          , Aa^Fma      , Aa^Fma      , Aa          , Aa          , Aa          
Ms          , Ms^Xm       , Ms          , Ms          , Ms          , Ms          , Ms          , Ms          , Ms^Xm       , Ms          , Ms          , Ms          , Ms^Xm       , Ms          , Ms          , Ha          , Ha          , Ha          , Ha          , Coa         , Ha          , Ha          , Ha          , Coa         , Coa         , Rb          , Ha          , Rb          , Rb          , Aa          , Ha          , Rb          , Rb          , Rb          , Coa         , Coa         , Coa         , Rb          , Aa          , Aa          , Ha          , Ha          , Ha          , Aa          , Aa          , Aa^Fma      , Aa          , Aa          , Aa          
Ms          , Ms          , Ms^Xm       , Ms          , Ms          , Ms^Xm       , Ms          , Ms          , Ms          , Ms          , Ms          , Ms          , Ms          , Ms          , Ms^Xm       , Ms^Xm       , Ms^Xm       , Ha          , Ha          , Ha          , Ha^Fda      , Ha          , Ha          , Coa         , Ha          , Ha          , Ha          , Ha          , Ha          , Rb          , Coa         , Ha          , Aa          , Rb          , Coa         , 3 Koa       , Coa         , Rb          , Aa          , Aa          , Aa          , Ha          , Coa         , Ha          , Ha          , Aa          , Aa          , Aa          , Aa          
Ms          , Ms          , Ms          , Ms          , Ms          , Ms          , Ms          , Ms          , Ms          , Ms          , Ms          , Ms^Xm       , Ms          , Ms^Xm       , Ms^Xm       , Ms^Xm       , Ms^Xm       , Ha          , Ha          , Ha^Fda      , Ha^Fda      , Ha^Fda      , Ha          , Ha          , Ha^Fda      , Ha          , Ha          , Ha          , Ha          , Coa         , Coa         , Aa          , Aa          , Rb          , Rb          , Coa         , Rb          , Rb          , Rb          , Aa          , Aa          , Coa         , Coa         , Ha          , Ha          , Ha^Fda      , Ha^Fda      , Aa          , Aa          
Ms          , Ms          , Ms          , Ms          , Ms          , Ms^Xm       , Ms          , Ms          , Ms          , Ms          , Ms          , Ms          , Mm^Xm       , Ms^Xm       , Ms^Xm       , Ms^Xm       , Xu          , Xu          , Uh^Ii       , Ha          , Ha          , Ha          , Ha          , Ha^Fda      , Ha^Fda      , Ha^Fda      , Ha          , Ha          , Ha          , Ha          , Ha          , Aa          , Ha          , Aa          , Aa          , Rb          , Aa^Voa      , Aa          , Aa          , Rb          , Rb          , Rb          , Rb          , Aa          , Aa          , Ha^Fda      , Ha^Fda      , Aa          , Aa          
Ms          , Ms          , Ms          , Ms^Xm       , Ms          , Ms          , Ms          , Ms          , Ms          , Ms^Xm       , Ms          , Mm^Xm       , Mm^Xm       , Mm^Xm       , Mm^Xm       , Mm^Xm       , Xu          , Uh^Ii       , Uh^Ii       , Uh^Ii       , Uh^Ii       , Ha          , Ha          , Ha          , Ha          , Ha          , Ha          , Ha          , Ha          , Ha^Fda      , Ha^Fda      , Ha          , Ha          , Ha          , Ha          , Aa          , Aa          , Aa          , Aa          , Aa          , Coa         , Rb          , Aa          , Aa          , Aa          , Aa          , Aa          , Ha          , Ha          
Ms          , Ms          , Ms          , Ms          , Ms^Xm       , Ms          , Ms          , Ms          , Ms          , Ms          , Ms^Xm       , Mm^Xm       , Mm^Xm       , Mm^Xm       , Xu          , Xu          , Uh          , Ur^Ii       , Ur^Ii       , Uu^Ii       , Uu^Ii       , Uu^Ii       , Uh^Ii       , Ha          , Xu          , Xu          , Ms^Xm       , Ha          , Ms          , Ha          , Ha          , Ha          , Ms          , Ha          , Ha          , Ha          , Ha          , Ha^Fda      , Ha^Fda      , Aa          , Coa         , Coa         , Ha          , Aa          , Aa          , Aa^Voa      , Aa          , Ha          , Ha          
Ms          , Ms^Xm       , Ms          , Ms          , Ms          , Ms          , Ms^Xm       , Ms          , Ms^Xm       , Ms^Xm       , Ms^Xm       , Ms^Xm       , Ms^Xm       , Mm^Xm       , Xu          , Uh          , Ur          , Ur          , Uu          , Ur          , Ur          , Ur^Ii       , Uh^Ii       , Uh^Ii       , Xu          , Ms^Xm       , Ms^Xm       , Ms^Xm       , Ms          , Ms^Xm       , Ms          , Ms          , Ms          , Ms          , Ms          , Ms          , Ms          , Ha^Fda      , Ha          , Ha          , Ha          , Ha          , Ha          , Ha          , Ha          , Aa          , Ha^Fda      , Ha          , Ha          
Ms          , Ms          , Ms^Xm       , Ms          , Ms          , Ms          , Ms^Xm       , Ms^Xm       , Ms^Xm       , Ms^Xm       , Ms^Xm       , Ms^Xm       , Xu          , Xu          , Uu^Uf       , Uh          , Uu          , Uu          , Uu          , Uu          , Ur          , Uu^Ii       , Xu          , Xu          , Ms^Xm       , Ms^Xm       , Ms^Xm       , Ms^Xm       , Ms^Xm       , Ms          , Ms          , Ms^Xm       , Ms          , Ms          , Ms          , Ms          , Ms^Xm       , Ms          , Ms          , Ha          , Ms          , Ms^Xm       , Ms          , Ha          , Ha          , Ha^Fda      , Ha^Fda      , Ha^Fda      , Ha          
Ms          , Ms          , Ms          , Ms          , Ms          , Ms          , Ms^Xm       , Ms^Xm       , Ms^Xm       , Mm^Xm       , Xu          , Xu          , Uh          , Uh          , Uu^Uf       , Ur          , Uu          , Uu          , Uu          , Ur          , Uu          , Uu^Uf       , Xu          , Mm^Xm       , Mm^Xm       , Ms^Xm       , Ms          , Ms          , Ms          , Ms          , Ms          , Ms          , Ms          , Ms          , Ms          , Ms          , Ms          , Ms          , Ms          , Ms^Xm       , Ms          , Ms          , Ms          , Ms^Xm       , Ms          , Ms          , Ms          , Ms          , Ms          
Ms          , Ms          , Ms          , Ms^Xm       , Ms          , Ms^Xm       , Ms^Xm       , Ms^Xm       , Xu          , Xu          , Xu          , Xu          , Uu^Uf       , Ur          , Uu          , Uu          , Ur          , Uu          , Uh          , Ur          , Xu          , Xu          , Xu          , Mm^Xm       , Mm^Xm       , Mm^Xm       , Ms          , Ms          , Ms          , Ms          , Ms          , Ms^Xm       , Ms          , Ms          , Ms          , Ms          , Ms          , Ms          , Ms^Xm       , Ms          , Ms          , Ms          , Ms^Xm       , Ms          , Ms          , Ms          , Ms          , Ms^Xm       , Ms          
Ms          , Ms^Xm       , Ms          , Ms          , Ms^Xm       , Ms^Xm       , Ms^Xm       , Ms^Xm       , Xu          , Xu          , Uu          , Ur          , Ur          , Ur          , Ur          , Ur          , Uu          , Uu^Uf       , Uh          , Xu          , Xu          , Xu          , Ms^Xm       , Ms^Xm       , Ms^Xm       , Mm^Xm       , Ms          , Ms          , Ms          , Ms^Xm       , Ms          , Ms          , Ms          , Ms^Xm       , Ms          , Ms          , Ms^Xm       , Ms          , Ms          , Ms          , Ms^Xm       , Ms          , Ms          , Ms          , Ms^Xm       , Ms          , Ms          , Ms          , Ms          
Ms          , Ms          , Ms          , Ms          , Ms^Xm       , Ms^Xm       , Ms^Xm       , Xu          , Xu          , Xu          , Uu          , Ur          , Uu          , Uu          , Ur          , Ur          , Uh          , Uu^Uf       , Xu          , Xu          , Ms^Xm       , Ms^Xm       , Ms^Xm       , Ms^Xm       , Ms^Xm       , Ms          , Ms          , Ms          , Ms^Xm       , Ms          , Ms          , Ms          , Ms          , Ms          , Ms^Xm       , Ms          , Ms          , Ms          , Ms          , Ms          , Ms          , Ms          , Ms          , Ms          , Ms          , Ms          , Ms^Xm       , Ms          , Ms          
Ms          , Ms          , Ms^Xm       , Ms^Xm       , Ms^Xm       , Ms^Xm       , Xu          , Xu          , Xu          , Uu          , Uu          , Ur          , Uu          , Uu          , Uu          , Uh          , Uu          , Xu          , Xu          , Ms^Xm       , Ms^Xm       , Ms^Xm       , Ms^Xm       , Ms^Xm       , Ms^Xm       , Ms          , Ms          , Ms          , Ms          , Ms          , Ms          , Ms          , Ms          , Ms          , Ms          , Ms          , Ms          , Ms          , Ms          , Ms          , Ms          , Ms          , Ms          , Ms          , Ms          , Ms          , Ms          , Ms          , Ms          
