border_size=1
usage=map

Xu          , Xu          , Xu          , Xu          , Xu          , Xu          , Xu          , Xu          , Xu          , Xu          , Xu          , Xu          , Xu          , Xu          , Xu          , Xu          , Xu          , Xu          , Xu          , Xu          , Xu          , Xu          , Xu          , Xu          , Xu          , Xu          , Xu          , Xu          , Xu          , Xu          , Xu          , Xu          , Xu          , Xu          , Xu          , Xu          , Xu          , Xu          , Xu          , Xu          , Xu          , Xu          , Xu          , Xu          , Xu          , Xu          
Xu          , Xu          , Xu          , Xu          , Xu          , Xu          , Xu          , Xu          , Xu          , Xu          , Xu          , Xu          , Xu          , Xu          , Xuc         , Xu          , Xu          , Xu          , Xu          , Xu          , Xu          , Xu          , Xu          , Xu          , Xu          , Xu          , Xu          , Xu          , Xu          , Xu          , Xu          , Xu          , Xu          , Xu          , Xu          , Xu          , Xu          , Xu          , Xu          , Xu          , Xu          , Xu          , Xu          , Xu          , Xu          , Xu          
Xu          , Xu          , Xu          , Xu          , Xu          , Xu          , Xu          , Xu          , Xu          , Xu          , Qlf         , Xu          , Qlf         , Qlf         , Qlf         , Xu          , Xu          , Xu          , Xu          , Xu          , Xu          , Xu          , Xu          , Xu          , Xu          , Xu          , Xu          , Xu          , Xu          , Xu          , Xu          , Xu          , Xu          , Xu          , Xu          , Xu          , Xu          , Xu          , Xu          , Xu          , Xu          , Xu          , Xu          , Xu          , Xu          , Xu          
Xu          , Xu          , Xu          , Xu          , Xu          , Xu          , Xu          , Xu          , Qlf         , Qlf         , Qlf         , Qlf         , Qlf         , Qlf         , Qlf         , Qlf         , Qlf         , Xu          , Qlf         , Xu          , Qlf         , Xu          , Qlf         , Xu          , Qlf         , Xu          , Xu          , Xu          , Xu          , Xu          , Xu          , Xu          , Qlf         , Xu          , Xu          , Xu          , Xu          , Xu          , Xu          , Xu          , Xu          , Xu          , Xu          , Xu          , Xu          , Xu          
Xu          , Xu          , Xu          , Xu          , Xu          , Xu          , Xu          , Qlf         , Qlf         , Qlf         , Rb          , Rb          , Uu          , Qlf         , Qlf         , Qlf         , Qlf         , Qlf         , Qlf         , Qlf         , Qlf         , Qlf         , Qlf         , Qlf         , Qlf         , Qlf         , Qlf         , Xu          , Xu          , Xu          , Rb          , Rb          , Uh          , Qlf         , Qlf         , Qlf         , Qlf         , Xu          , Xu          , Xu          , Xu          , Xu          , Xu          , Xu          , Xu          , Xu          
Xu          , Xu          , Xu          , Xu          , Xu          , Xu          , Xu          , Xu          , Qlf         , Qlf         , Rb          , Uu^Ii       , Uh          , Uh          , Uh          , Re          , Uu          , Qlf         , Qlf         , Qlf         , Qlf         , Qlf         , Rb          , Qlf         , Rb          , Qlf         , Qlf         , Qlf         , Qlf         , Qlf         , Rb          , Uh^Ii       , Uu^Vud      , Qlf         , Qlf         , Qlf         , Qlf         , Qlf         , Xu          , Xu          , Xu          , Xu          , Xu          , Xu          , Xu          , Xu          
Xu          , Xu          , Xu          , Xu          , Xu          , Xu          , Xu          , Xu          , Xu          , Qlf         , Qlf         , Qlf         , Qlf         , Qlf         , Re          , Re          , Uu          , Rb          , Rb          , Rb          , Uh          , Uh          , Uh          , Rb          , Uu          , Uu          , Uu          , Qlf         , Uu          , Qlf         , Re          , Uh          , Re          , Uu          , Rb          , Qlf         , Qlf         , Qlf         , Qlf         , Xu          , Xu          , Xu          , Xu          , Xu          , Xu          , Xu          
Xu          , Xu          , Xu          , Xu          , Xu          , Xu          , Xu          , Xu          , Xu          , Xu          , Qlf         , Qlf         , Qlf         , Qlf         , Uu          , Uu^Vud      , Uu          , Uu          , Uu          , Uu          , Uu          , Uu          , Uu          , Uu          , Re          , Uh          , Uh          , Uh          , Rb          , Uu          , Uu          , Re          , Qlf         , Uu          , Uu          , Rb          , Qlf         , Qlf         , Qlf         , Qlf         , Qlf         , Xu          , Xu          , Xu          , Xu          , Xu          
Xu          , Xu          , Xu          , Xu          , Xu          , Xu          , Xu          , Xu          , Xu          , Xu          , Qlf         , Qlf         , Qlf         , Qlf         , Rb          , Uu          , Qlf         , Qlf         , Qlf         , Re          , Re          , Re          , Uu          , Re          , Uu          , Re          , Xu          , Rb          , Xu          , Rb          , Xu          , Qlf         , Qlf         , Qlf         , Uh          , Rb          , Re          , Qlf         , Qlf         , Qlf         , Qlf         , Qlf         , Xu          , Xu          , Xu          , Xu          
Xu          , Xu          , Xu          , Xu          , Xu          , Xu          , Xu          , Xu          , Xu          , Qlf         , Qlf         , Qlf         , Qlf         , Qlf         , Rb          , Uu          , Qlf         , Qlf         , Xu          , Xu          , Xu          , Uu          , Uu^Vud      , Uu          , Xu          , Xu          , Qlf         , Xu          , Xu          , Xu          , Qlf         , Xu          , Xu          , Qlf         , Uh          , Uu^Vud      , Re          , Qlf         , Qlf         , Qlf         , Qlf         , Qlf         , Xu          , Xu          , Xu          , Xu          
Xu          , Xu          , Xu          , Xu          , Xu          , Xu          , Xu          , Xu          , Xu          , Qlf         , Qlf         , Qlf         , Uu          , Rb          , Uu          , Uu          , Xu          , Xu          , Qlf         , Xu          , Re          , Re          , Uu          , Uu          , Re          , Qlf         , Rb          , Qlf         , Rb          , Uu          , Qlf         , Qlf         , Uu          , Uh          , Rb          , Re          , Uh          , Qlf         , Qlf         , Qlf         , Qlf         , Qlf         , Xu          , Xu          , Xu          , Xu          
Xu          , Xu          , Xu          , Xu          , Xu          , Xu          , Xu          , Xu          , Qlf         , Qlf         , Qlf         , Uh          , Uu          , Uu          , Re          , Uh          , Xu          , Qlf         , Rb          , Uu          , Re          , Uu          , Rb          , Uu          , Re          , Uu          , Uu          , Rb          , Uu          , Uu          , Uu          , Uu          , Uu          , Rb          , Xu          , Uu          , Uu          , Uh          , Rb          , Qlf         , Qlf         , Xu          , Xu          , Xu          , Xu          , Xu          
Xu          , Xu          , Xu          , Xu          , Qlf         , Qlf         , Qlf         , Qlf         , Qlf         , Qlf         , Uh          , Uh          , Rb          , Uu          , Re          , Uh          , Xu          , Qlf         , Rb          , Uh          , Qlf         , Qlf         , Rb          , Uu          , Qlf         , Re          , Qlf         , Uu          , Re          , Uu          , Uh          , Uu^Vud      , Uu          , Rb          , Xu          , Xu          , Uu          , Uh          , Rb          , Qlf         , Qlf         , Xu          , Xu          , Xu          , Xu          , Xu          
Xu          , Xu          , Xu          , Xu          , Xu          , Qlf         , Qlf         , Qlf         , Qlf         , Qlf         , Uu          , Uu          , Rb          , Uh          , Uh          , Re          , Uu          , Rb          , Uh          , Uh          , Qlf         , Rb          , Uu^Vud      , Uu          , Rb          , Qlf         , Rb          , Qlf         , Re          , Qlf         , Qlf         , Uh          , Uu          , Uu          , Re          , Xu          , Uu          , Uu^Vud      , Uu          , Rb          , Uu          , Xu          , Xu          , Xu          , Xu          , Xu          
Xu          , Xu          , Xu          , Xu          , Xu          , Xu          , Xu          , Qlf         , Rb          , Uu          , Uu          , Rb          , Xu          , Xu          , Uh          , Uu          , Re          , Uu          , Qlf         , Uu          , Uu          , Uu          , Re          , Uu          , Uu          , Rb          , Cud         , Uu          , Uu^Vud      , Re          , Uu          , Uh          , Uu          , Re          , Qlf         , Re          , Xu          , Uu          , Re          , Uh          , Uu^Ii       , Rb          , Xu          , Xu          , Xu          , Xu          
Xu          , Xu          , Xu          , Xu          , Xu          , Xu          , Xu          , Qlf         , Rb          , Uu^Vud      , Qlf         , Qlf         , Xu          , Qlf         , Qlf         , Uu          , Re          , Qlf         , Uu          , Uu          , Uu^Vud      , Re          , Uu          , Uu          , Uu          , Cud         , 4 Kud       , Cud         , Uu          , Uu          , Qlf         , Rb          , Uu          , Qlf         , Qlf         , Xu          , Xu          , Re          , Uh          , Uh          , Rb          , Rb          , Xu          , Xu          , Xu          , Xu          
Xu          , Xu          , Xu          , Xu          , Xu          , Xu          , Xu          , Rb          , Uu          , Uu          , Qlf         , Xu          , Xu          , Qlf         , Qlf         , Re          , Uu          , Qlf         , Rb          , Uu          , Uu          , Re          , Qlf         , Rb          , Rb          , Cud         , Cud         , Cud         , Uu          , Qlf         , Rb          , Rb          , Uu          , Re          , Uu          , Xu          , Uu          , Re          , Qlf         , Qlf         , Qlf         , Xu          , Xu          , Xu          , Xu          , Xu          
Xu          , Xu          , Xu          , Xu          , Xu          , Xu          , Xu          , Uh          , Uh          , Uu          , Qlf         , Xu          , Xu          , Qlf         , Rb          , Uu          , Uu^Vud      , Rb          , Qlf         , Rb          , Qlf         , Uu          , Re          , Qlf         , Rb          , Uu          , Rb          , Rb          , Rb          , Uu          , Uh          , Uu          , Xu          , Re          , Re          , Uu^Vud      , Uu          , Rb          , Qlf         , Qlf         , Qlf         , Xu          , Xu          , Xu          , Xu          , Xu          
Xu          , Xu          , Xu          , Xu          , Xu          , Xu          , Qlf         , Qlf         , Uh          , Uu          , Uu          , Qlf         , Xu          , Xu          , Rb          , Uu          , Uu          , Uu          , Uh          , Qlf         , Uh          , Uu          , Re          , Uu          , Uu          , Qlf         , Qlf         , Qlf         , Uu          , Uh          , Qlf         , Qlf         , Xu          , Xu          , Uh          , Uu          , Rb          , Rb          , Qlf         , Qlf         , Qlf         , Qlf         , Xu          , Xu          , Xu          , Xu          
Xu          , Xu          , Xu          , Xu          , Xu          , Xu          , Qlf         , Qlf         , Qlf         , Rb          , Uu          , Uu          , Re          , Rb          , Uu          , Uu          , Qlf         , Uu          , Rb          , Uh          , Rb          , Uu          , Qlf         , Re          , Uu          , Uu          , Uu          , Uu          , Uu          , Uh          , Qlf         , Qlf         , Xu          , Uu          , Uu          , Uh          , Qlf         , Qlf         , Qlf         , Qlf         , Qlf         , Xu          , Xu          , Xu          , Xu          , Xu          
Xu          , Xu          , Xu          , Xu          , Xu          , Xu          , Qlf         , Qlf         , Rb          , Rb          , Uh          , Uh          , Uh          , Re          , Xu          , Qlf         , Qlf         , Qlf         , Xu          , Rb          , Xu          , Qlf         , Qlf         , Qlf         , Uu          , Uu          , Uh          , Rb          , Rb          , Rb          , Xu          , Xu          , Uu          , Uu          , Rb          , Uh          , Qlf         , Qlf         , Qlf         , Qlf         , Xu          , Xu          , Xu          , Xu          , Xu          , Xu          
Xu          , Xu          , Xu          , Xu          , Xu          , Qlf         , Qlf         , Qlf         , Uu          , Uu          , Qlf         , Qlf         , Uu          , Re          , Qlf         , Xu          , Xu          , Xu          , Xu          , Xu          , Xu          , Xu          , Xu          , Qlf         , Rb          , Uh          , Xu          , Xu          , Xu          , Xu          , Re          , Re          , Uu          , Rb          , Qlf         , Rb          , Qlf         , Qlf         , Qlf         , Qlf         , Xu          , Xu          , Xu          , Xu          , Xu          , Xu          
Xu          , Xu          , Xu          , Xu          , Xu          , Qlf         , Rb          , Qlf         , Uu          , Re          , Qlf         , Qlf         , Rb          , Uu          , Uu          , Qlf         , Qlf         , Qlf         , Uu          , Rb          , Qlf         , Qlf         , Qlf         , Xu          , Rb          , Uu          , Uu          , Xu          , Uu          , Uu          , Re          , Uh          , Qlf         , Qlf         , Qlf         , Qlf         , Qlf         , Qlf         , Xu          , Xu          , Xu          , Xu          , Xu          , Xu          , Xu          , Xu          
Xu          , Xu          , Xu          , Xu          , Xu          , Rb          , Uh^Ii       , Rb          , Uh          , Re          , Qlf         , Qlf         , Rb          , Uu          , Re          , Re          , Re          , Uu          , Uu          , Rb          , Rb          , Qlf         , Uu          , Rb          , Uu          , Uu          , Uh          , Uu          , Rb          , Rb          , Rb          , Uh          , Uh          , Qlf         , Rb          , Qlf         , Xu          , Xu          , Xu          , Xu          , Xu          , Xu          , Xu          , Xu          , Xu          , Xu          
Xu          , Xu          , Xu          , Xu          , Xu          , Xu          , Qlf         , Uh          , Uu          , Uu          , Uu          , Rb          , Uu          , Uu          , Xu          , Uu          , Uu          , Uu^Vud      , Uu          , Uu          , Uu          , Re          , Uu          , Uu          , Uu^Vud      , Uh          , Qlf         , Uh          , Qlf         , Qlf         , Qlf         , Uu          , Uu^Vud      , Rb          , Uu          , Rb          , Xu          , Xu          , Xu          , Xu          , Xu          , Xu          , Xu          , Xu          , Xu          , Xu          
Xu          , Xu          , Xu          , Xu          , Xu          , Xu          , Qlf         , Qlf         , Uu          , Uu^Vud      , Re          , Uu          , Qlf         , Xu          , Xu          , Rb          , Rb          , Rb          , Uu          , Uu          , Re          , Re          , Qlf         , Uu          , Uu          , Uu          , Xu          , Qlf         , Xu          , Qlf         , Qlf         , Uu          , Uu          , Uu          , Qlf         , Xu          , Xu          , Xu          , Xu          , Xu          , Xu          , Xu          , Xu          , Xu          , Xu          , Xu          
Xu          , Xu          , Xu          , Xu          , Xu          , Qlf         , Qlf         , Qlf         , Rb          , Uu          , Uu          , Re          , Qlf         , Qlf         , Xu          , Qlf         , Qlf         , Qlf         , Qlf         , Uu          , Uu          , Qlf         , Qlf         , Qlf         , Qlf         , Uu          , Rb          , Xu          , Qlf         , Xu          , Xu          , Uh          , Uh          , Qlf         , Qlf         , Qlf         , Xu          , Xu          , Xu          , Xu          , Xu          , Xu          , Xu          , Xu          , Xu          , Xu          
Xu          , Xu          , Xu          , Xu          , Xu          , Qlf         , Qlf         , Qlf         , Qlf         , Rb          , Uu          , Re          , Uu          , Qlf         , Xu          , Xu          , Xu          , Qlf         , Xu          , Uu          , Rb          , Qlf         , Qlf         , Qlf         , Uh          , Uu          , Rb          , Qlf         , Qlf         , Xu          , Xu          , Uh          , Uu          , Qlf         , Qlf         , Qlf         , Xu          , Xu          , Xu          , Xu          , Xu          , Xu          , Xu          , Xu          , Xu          , Xu          
Xu          , Xu          , Xu          , Xu          , Xu          , Xu          , Qlf         , Qlf         , Qlf         , Rb          , Uh          , Uu          , Uu          , Re          , Uh          , Xu          , Xu          , Xu          , Uu          , Uu          , Rb          , Qlf         , Qlf         , Uh          , Uh          , Rb          , Qlf         , Qlf         , Xu          , Xu          , Xu          , Rb          , Uu          , Uu          , Qlf         , Qlf         , Qlf         , Xu          , Xu          , Xu          , Xu          , Xu          , Xu          , Xu          , Xu          , Xu          
Xu          , Xu          , Xu          , Xu          , Xu          , Xu          , Xu          , Qlf         , Qlf         , Qlf         , Uh          , Rb          , Qlf         , Re          , Re          , Uh          , Uu          , Uu^Vud      , Uu          , Rb          , Xu          , Xu          , Xu          , Rb          , Xu          , Xu          , Xu          , Qlf         , Xu          , Xu          , Rb          , Rb          , Uu          , Re          , Re          , Qlf         , Uh          , Xu          , Xu          , Xu          , Xu          , Xu          , Xu          , Xu          , Xu          , Xu          
Xu          , Xu          , Xu          , Xu          , Xu          , Xu          , Xu          , Qlf         , Uu          , Uh          , Rb          , Rb          , Qlf         , Qlf         , Qlf         , Uu          , Uu          , Uu          , Uh          , Uu          , Uu          , Xu          , Uu          , Rb          , Rb          , Qlf         , Qlf         , Qlf         , Qlf         , Qlf         , Uu          , Uu^Vud      , Uh          , Uh          , Re          , Uu          , Uh          , Xu          , Xu          , Xu          , Xu          , Xu          , Xu          , Xu          , Xu          , Xu          
Xu          , Xu          , Xu          , Xu          , Xu          , Xu          , Xu          , Rb          , Uu          , Uu^Vud      , Qlf         , Qlf         , Qlf         , Qlf         , Rb          , Qlf         , Rb          , Uh          , Xu          , Uu          , Rb          , Uu          , Uu          , Uu          , Uu          , Uu          , Re          , Qlf         , Uu          , Uu          , Uu          , Uu          , Uu          , Uh          , Uu          , Qlf         , Qlf         , Xu          , Xu          , Xu          , Xu          , Xu          , Xu          , Xu          , Xu          , Xu          
Xu          , Xu          , Xu          , Xu          , Xu          , Xu          , Xu          , Rb          , Rb          , Uu          , Qlf         , Qlf         , Uu          , Uh          , Uh          , Rb          , Re          , Uh          , Xu          , Xu          , Xu          , Rb          , Uu          , Uu          , Uh          , Uu          , Uu^Vud      , Re          , Uu          , Rb          , Qlf         , Qlf         , Re          , Re          , Qlf         , Qlf         , Qlf         , Xu          , Xu          , Xu          , Xu          , Xu          , Xu          , Xu          , Xu          , Xu          
Xu          , Xu          , Xu          , Xu          , Xu          , Xu          , Qlf         , Qlf         , Uu          , Uu          , Qlf         , Uu          , Rb          , Uu          , Qlf         , Uu          , Re          , Uu          , Qlf         , Xu          , Qlf         , Rb          , Uu          , Xu          , Xu          , Uh          , Uu          , Re          , Uu          , Rb          , Rb          , Qlf         , Re          , Uu          , Qlf         , Qlf         , Qlf         , Xu          , Xu          , Xu          , Xu          , Xu          , Xu          , Xu          , Xu          , Xu          
Xu          , Xu          , Xu          , Xu          , Qlf         , Qlf         , Qlf         , Uh          , Uu          , Re          , Uu          , Uu          , Rb          , Qlf         , Xu          , Xu          , Uu          , Re          , Uu          , Qlf         , Re          , Uu          , Uu          , Xu          , Xu          , Uh          , Rb          , Uu          , Qlf         , Uu          , Uh          , Uu          , Uu^Ii       , Uu          , Rb          , Qlf         , Xu          , Xu          , Xu          , Xu          , Xu          , Xu          , Xu          , Xu          , Xu          , Xu          
Xu          , Xu          , Xu          , Qlf         , Qlf         , Qlf         , Uh          , Uh          , Uu          , Re          , Re          , Rb          , Qlf         , Xu          , Qlf         , Qlf         , Rb          , Uu          , Uu          , Uu^Vud      , Re          , Uu          , Rb          , Uu          , Uu          , Rb          , Xu          , Qlf         , Qlf         , Qlf         , Uh          , Uu          , Uu          , Uu          , Rb          , Xu          , Xu          , Xu          , Xu          , Xu          , Xu          , Xu          , Xu          , Xu          , Xu          , Xu          
Xu          , Xu          , Xu          , Xu          , Qlf         , Qlf         , Qlf         , Rb          , Rb          , Uu          , Uu          , Qlf         , Xu          , Xu          , Qlf         , Qlf         , Rb          , Uu          , Uh          , Re          , Uu          , Qlf         , Qlf         , Rb          , Uu          , Rb          , Qlf         , Xu          , Xu          , Qlf         , Qlf         , Uh          , Uu          , Rb          , Qlf         , Xu          , Xu          , Xu          , Xu          , Xu          , Xu          , Xu          , Xu          , Xu          , Xu          , Xu          
Xu          , Xu          , Xu          , Xu          , Xu          , Qlf         , Qlf         , Qlf         , Rb          , Uu          , Uu          , Qlf         , Xu          , Xu          , Qlf         , Rb          , Uu          , Uh          , Qlf         , Rb          , Rb          , Uu          , Uu          , Rb          , Uu          , Uh          , Qlf         , Xu          , Xu          , Qlf         , Qlf         , Uu          , Uu^Vud      , Re          , Qlf         , Qlf         , Qlf         , Xu          , Xu          , Xu          , Xu          , Xu          , Xu          , Xu          , Xu          , Xu          
Xu          , Xu          , Xu          , Xu          , Xu          , Xu          , Qlf         , Qlf         , Uu          , Uu^Vud      , Re          , Xu          , Xu          , Qlf         , Re          , Uu          , Uu          , Uh          , Uu          , Qlf         , Rb          , Uu          , Uu          , Qlf         , Uu          , Uh          , Uh          , Qlf         , Xu          , Xu          , Qlf         , Rb          , Re          , Re          , Qlf         , Qlf         , Qlf         , Xu          , Xu          , Xu          , Xu          , Xu          , Xu          , Xu          , Xu          , Xu          
Xu          , Xu          , Xu          , Xu          , Xu          , Xu          , Uh          , Uh          , Uu          , Re          , Re          , Xu          , Uu          , Uu          , Re          , Uu          , Qlf         , Rb          , Uh^Vud      , Uu          , Uh          , Uh^Vud      , Rb          , Qlf         , Rb          , Uu          , Uu          , Uu          , Uu^Vud      , Xu          , Rb          , Rb          , Uu          , Uu          , Uh          , Qlf         , Xu          , Xu          , Xu          , Xu          , Xu          , Xu          , Xu          , Xu          , Xu          , Xu          
Xu          , Xu          , Xu          , Xu          , Xu          , Xu          , Qlf         , Rb          , Rb          , Uu          , Uu          , Uu          , Uh          , Re          , Uu          , Qlf         , Rb          , Rb          , Uh          , Uh          , Cud         , Uh          , Uu          , Rb          , Uu          , Qlf         , Qlf         , Uu          , Uu          , Uu          , Uh          , Uh          , Uh          , Uu          , Uu          , Uh          , Xu          , Xu          , Xu          , Xu          , Xu          , Xu          , Xu          , Xu          , Xu          , Xu          
Xu          , Xu          , Xu          , Xu          , Xu          , Qlf         , Qlf         , Qlf         , Rb          , Uu          , Rb          , Rb          , Xu          , Uh          , Uu          , Qlf         , Uu          , Uu          , Uh          , Cud         , 3 Kud       , Cud         , Uh          , Uh^Vud      , Uu          , Rb          , Rb          , Rb          , Uu          , Uu          , Xu          , Qlf         , Qlf         , Rb          , Rb          , Uh          , Qlf         , Xu          , Xu          , Xu          , Xu          , Xu          , Xu          , Xu          , Xu          , Xu          
Xu          , Xu          , Xu          , Xu          , Xu          , Qlf         , Qlf         , Qlf         , Re          , Uu          , Rb          , Xu          , Qlf         , Uh          , Uu          , Uu          , Rb          , Uh^Vud      , Uu          , Uh          , Uh          , Cud         , Uh          , Uh          , Uh^Vud      , Uu          , Qlf         , Uu          , Uu          , Qlf         , Xu          , Xu          , Qlf         , Qlf         , Rb          , Uu          , Qlf         , Qlf         , Qlf         , Xu          , Xu          , Xu          , Xu          , Xu          , Xu          , Xu          
Xu          , Xu          , Xu          , Xu          , Xu          , Xu          , Qlf         , Qlf         , Re          , Uu          , Xu          , Xu          , Qlf         , Qlf         , Uu          , Rb          , Qlf         , Uu          , Uu          , Uh^Vud      , Uu          , Uh          , Uh^Vud      , Uh          , Rb          , Uu          , Qlf         , Uu          , Uu^Vud      , Qlf         , Qlf         , Xu          , Qlf         , Qlf         , Uu          , Uu^Vud      , Rb          , Qlf         , Qlf         , Xu          , Xu          , Xu          , Xu          , Xu          , Xu          , Xu          
Xu          , Xu          , Xu          , Xu          , Xu          , Xu          , Uh          , Re          , Uu^Vud      , Uh          , Xu          , Xu          , Qlf         , Qlf         , Uh          , Rb          , Qlf         , Uu          , Rb          , Rb          , Qlf         , Uu          , Uu          , Uu          , Qlf         , Rb          , Uu          , Uu          , Uu          , Uu          , Uu          , Xu          , Uu          , Uu          , Rb          , Re          , Rb          , Qlf         , Qlf         , Xu          , Xu          , Xu          , Xu          , Xu          , Xu          , Xu          
Xu          , Xu          , Xu          , Xu          , Xu          , Xu          , Qlf         , Uu          , Uu          , Uh          , Uh          , Xu          , Qlf         , Qlf         , Uh          , Uu          , Uu          , Uu          , Rb          , Qlf         , Uu          , Uu          , Uu          , Qlf         , Uu          , Rb          , Uu          , Re          , Uh          , Re          , Re          , Re          , Uu          , Rb          , Qlf         , Re          , Re          , Rb          , Qlf         , Qlf         , Qlf         , Xu          , Xu          , Xu          , Xu          , Xu          
Xu          , Xu          , Xu          , Xu          , Xu          , Xu          , Xu          , Qlf         , Qlf         , Rb          , Uu          , Xu          , Re          , Uh          , Rb          , Uu          , Uu          , Uu          , Uu^Ii       , Uu          , Uu          , Uu          , Rb          , Uu          , Rb          , Uu          , Uu          , Re          , Re          , Uh          , Xu          , Uh          , Uh          , Rb          , Qlf         , Qlf         , Uh          , Uu          , Qlf         , Qlf         , Qlf         , Xu          , Xu          , Xu          , Xu          , Xu          
Xu          , Xu          , Xu          , Xu          , Xu          , Xu          , Xu          , Qlf         , Rb          , Rb          , Uu          , Re          , Uu          , Rb          , Xu          , Rb          , Qlf         , Uh          , Uh          , Uu          , Qlf         , Qlf         , Qlf         , Rb          , Qlf         , Qlf         , Qlf         , Uu          , Uu          , Uh          , Xu          , Xu          , Uh          , Uu          , Qlf         , Qlf         , Uh          , Uu          , Uu^Vud      , Qlf         , Qlf         , Xu          , Xu          , Xu          , Xu          , Xu          
Xu          , Xu          , Xu          , Xu          , Xu          , Xu          , Qlf         , Qlf         , Uu          , Uh          , Uu          , Re          , Qlf         , Xu          , Xu          , Xu          , Qlf         , Qlf         , Uh          , Uu          , Qlf         , Qlf         , Xu          , Xu          , Xu          , Xu          , Xu          , Xu          , Uh          , Uu          , Uu          , Xu          , Re          , Uu^Vud      , Re          , Qlf         , Qlf         , Uh          , Uu          , Uu          , Uh          , Qlf         , Qlf         , Xu          , Xu          , Xu          
Xu          , Xu          , Xu          , Xu          , Xu          , Xu          , Re          , Re          , Uh          , Uh          , Rb          , Uu          , Qlf         , Qlf         , Xu          , Xu          , Xu          , Qlf         , Uu          , Uu          , Xu          , Xu          , Xu          , Xu          , Qlf         , Xu          , Qlf         , Xu          , Uh          , Re          , Re          , Uu          , Uh          , Re          , Rb          , Uu          , Uu          , Qlf         , Qlf         , Rb          , Rb          , Uh          , Qlf         , Xu          , Xu          , Xu          
Xu          , Xu          , Xu          , Xu          , Xu          , Uh          , Re          , Uu          , Qlf         , Qlf         , Rb          , Uu          , Uu          , Qlf         , Rb          , Xu          , Qlf         , Xu          , Rb          , Re          , Re          , Xu          , Qlf         , Qlf         , Rb          , Qlf         , Rb          , Uh          , Uu          , Uu^Vud      , Re          , Uu          , Uh          , Rb          , Qlf         , Rb          , Uu          , Uh          , Uh^Vud      , Qlf         , Rb^Ii       , Qlf         , Qlf         , Qlf         , Xu          , Xu          
Xu          , Xu          , Xu          , Xu          , Qlf         , Uh          , Uh          , Uu^Vud      , Uu          , Qlf         , Qlf         , Rb          , Uu          , Uu          , Uu          , Rb          , Qlf         , Qlf         , Rb          , Re          , Uh          , Uu^Vud      , Uh          , Uu          , Uu          , Rb          , Uu          , Uu          , Rb          , Uu          , Uu          , Uh          , Qlf         , Qlf         , Qlf         , Qlf         , Xu          , Uh          , Qlf         , Qlf         , Qlf         , Xu          , Xu          , Xu          , Xu          , Xu          
Xu          , Xu          , Xu          , Xu          , Xu          , Qlf         , Qlf         , Uu          , Uh          , Qlf         , Uh          , Qlf         , Uu          , Ce          , 2 Ke        , Rb          , Uu          , Rb          , Uu          , Uu          , Qlf         , Uh          , Rb          , Rb          , Rb          , Uu          , Qlf         , Rb          , Qlf         , Rb          , Qlf         , Qlf         , Qlf         , Qlf         , Xu          , Xu          , Xu          , Xu          , Xu          , Qlf         , Xu          , Xu          , Xu          , Xu          , Xu          , Xu          
Xu          , Xu          , Xu          , Xu          , Xu          , Qlf         , Qlf         , Rb          , Rb          , Uh          , Re          , Re          , Uu          , Ce          , Ce          , Ce          , Uu          , Re          , Re          , Qlf         , Qlf         , Qlf         , Qlf         , Qlf         , Qlf         , Qlf         , Qlf         , Qlf         , Qlf         , Qlf         , Xu          , Qlf         , Xu          , Qlf         , Xu          , Xu          , Xu          , Xu          , Xu          , Xu          , Xu          , Xu          , Xu          , Xu          , Xu          , Xu          
Xu          , Xu          , Xu          , Xu          , Xu          , Xu          , Xu          , Qlf         , Rb          , Uu          , Qlf         , Re          , Rb          , Rb          , Rb          , Uu          , Ce          , Ce          , Re          , Qlf         , Qlf         , Qlf         , Qlf         , Qlf         , Qlf         , Qlf         , Qlf         , Qlf         , Xu          , Xu          , Xu          , Xu          , Xu          , Xu          , Xu          , Xu          , Xu          , Xu          , Xu          , Xu          , Xu          , Xu          , Xu          , Xu          , Xu          , Xu          
Xu          , Xu          , Xu          , Xu          , Xu          , Xu          , Xu          , Xu          , Xu          , Qlf         , Qlf         , Qlf         , Qlf         , Qlf         , Qlf         , Uu          , Ce          , 1 Ke        , Uu          , Qlf         , Qlf         , Qlf         , Qlf         , Qlf         , Qlf         , Qlf         , Xu          , Xu          , Xu          , Xu          , Xu          , Xu          , Xu          , Xu          , Xu          , Xu          , Xu          , Xu          , Xu          , Xu          , Xu          , Xu          , Xu          , Xu          , Xu          , Xu          
Xu          , Xu          , Xu          , Xu          , Xu          , Xu          , Xu          , Xu          , Xu          , Xu          , Xu          , Xu          , Xu          , Qlf         , Qlf         , Rb          , Uu          , Ce          , Uu          , Rb          , Qlf         , Qlf         , Xu          , Xu          , Xu          , Xu          , Xu          , Xu          , Xu          , Xu          , Xu          , Xu          , Xu          , Xu          , Xu          , Xu          , Xu          , Xu          , Xu          , Xu          , Xu          , Xu          , Xu          , Xu          , Xu          , Xu          
Xu          , Xu          , Xu          , Xu          , Xu          , Xu          , Xu          , Xu          , Xu          , Xu          , Xu          , Xu          , Xu          , Qlf         , Qlf         , Rb          , Rb          , Uu          , Uu          , Rb          , Rb          , Qlf         , Xu          , Xu          , Xu          , Xu          , Xu          , Xu          , Xu          , Xu          , Xu          , Xu          , Xu          , Xu          , Xu          , Xu          , Xu          , Xu          , Xu          , Xu          , Xu          , Xu          , Xu          , Xu          , Xu          , Xu          
