border_size=1
usage=map

Dd          , Dd          , Dd          , Dd          , Dd          , Dd          , Dd          , Dd          , Dd          , Dd          , Dd          , Dd          , Dd          , Dd          , Dd          , Dd^Es       , Dd          , Dd          , Dd          , Dd          , Dd          , Dd          , Dd          , Dd          , Dd          , Dd          , Dd          , Dd          , Dd          , Dd          , Dd          , Dd^Edp      , Dd          , Dd          , Dd^Es       , Dd          , Dd^Es       , Dd          , Dd          , Re          , Re          , Dd          , Dd          , Dd          , Dd          , Dd          , Dd          , Dd          , Dd          , Dd          , Dd          , Dd          , Dd          , Dd          , Dd          
Dd          , Dd          , Dd          , Dd          , Dd          , Dd          , Dd          , Dd          , Dd          , Dd          , Dd          , Dd          , Dd          , Dd          , Dd          , Dd          , Dd          , Dd          , Dd          , Dd          , Dd          , Dd          , Dd          , Dd          , Dd          , Dd          , Dd          , Dd^Edp      , Dd          , Dd          , Dd          , Dd^Esd      , Dd          , Dd          , Dd          , Dd          , Dd          , Dd^Esd      , Dd          , Re          , Re          , Dd          , Dd          , Dd          , Dd          , Dd          , Dd          , Dd          , Dd          , Dd          , Dd          , Dd          , Dd          , Dd          , Dd          
Dd          , Dd          , Dd^Edpp     , Dd          , Dd          , Dd          , Dd          , Dd          , Dd          , Dd          , Dd          , Dd          , Dd          , Dd          , Dd          , Dd          , Dd          , Dd          , Dd          , Dd          , Dd          , Dd          , Dd^Esd      , Dd          , Dd          , Dd          , Dd          , Dd          , Dd          , Dd          , Dd          , Dd          , Dd          , Dd^Es       , Dd          , Dd          , Dd^Es       , Dd          , Re          , Re          , Re          , Dd          , Dd          , Dd          , Dd          , Dd          , Dd          , Dd          , Dd          , Dd          , Dd          , Dd          , Dd          , Dd          , Dd          
Dd          , Dd          , Dd          , Dd          , Dd          , Dd          , Dd          , Dd          , Dd^Edpp     , Dd          , Dd          , Dd          , Dd          , Dd          , Dd          , Dd          , Dd          , Dd          , Dd          , Dd          , Dd          , Dd          , Dd          , Dd          , Dd          , Dd          , Dd          , Dd          , Dd          , Dd^Es       , Dd          , Dd          , Dd          , Dd          , Dd          , Dd          , Dd          , Dd          , Re          , Re          , Dd          , Dd          , Dd          , Dd          , Dd          , Dd          , Dd          , Dd          , Dd          , Dd          , Dd          , Dd          , Dd^Esd      , Dd          , Dd          
Dd          , Dd          , Dd          , Dd          , Dd          , Dd          , Dd          , Dd          , Ce          , Dd^Es       , Dd          , Dd^Edpp     , Dd          , Dd          , Dd          , Dd          , Dd          , Dd          , Dd          , Dd^Edpp     , Dd          , Dd          , Dd          , Dd          , Dd          , Dd          , Dd          , Dd          , Dd^Esd      , Dd          , Md          , Hhd         , Dd          , Dd          , Dd          , Dd          , Re          , Re          , Re          , Re          , Dd          , Dd          , Dd          , Dd          , Dd          , Dd          , Dd          , Dd          , Hd          , Dd          , Hhd         , Dd          , Dd          , Dd          , Dd          
Dd          , Dd          , Dd          , Dd          , Dd          , Dd          , Ce^Vct      , Ce^Vct      , Ce^Vct      , Ce^Vct      , Ce^Vct      , Dd          , Dd          , Dd          , Dd          , Dd          , Dd          , Dd          , Dd          , Dd          , Dd          , Dd          , Dd          , Dd          , Hd          , Dd          , Hhd         , Hhd         , Md          , Md          , Md          , Hhd         , Dd          , Dd          , Dd          , Re          , Re          , Re          , Dd^Es       , Dd          , Dd          , Dd          , Dd^Esd      , Dd          , Dd          , Dd          , Hd          , Hd          , Md          , Hhd         , Md          , Hhd         , Dd          , Dd          , Dd^Edp      
Dd          , Dd          , Dd          , Dd          , Dd          , Dd          , Ce          , Ce^Vct      , 2 Ke        , Ce^Vct      , Ce          , Dd          , Dd          , Dd          , Dd          , Dd          , Dd          , Dd          , Dd          , Dd          , Hhd         , Hhd         , Md          , Hd          , Md          , Hd          , Md          , Md          , Md          , Md          , Hd          , Dd          , Dd          , Dd          , Dd          , Re          , Re          , Dd          , Dd          , Dd          , Dd          , Dd          , Dd          , Dd^Edpp     , Hhd         , Hhd         , Md          , Md          , Md          , Md          , Md          , Hd          , Gs^Ft       , Dd          , Dd          
Dd          , Dd          , Dd^Es       , Dd          , Dd          , Dd          , Ce^Vct      , Ce^Vct      , Ce^Vct      , Ce^Vct      , Ce^Vct      , Dd          , Dd          , Dd          , Dd          , Dd          , Dd          , Dd          , Hd          , Hd          , Hd          , Md          , Md          , Md          , Md          , Md          , Md          , Md          , Md          , Hd          , Dd          , Dd          , Dd          , Dd          , Dd          , Re          , Re          , Dd          , Dd          , Dd          , Dd          , Dd          , Dd          , Dd          , Hhd         , Md          , Md          , Md          , Md          , Md          , Hd          , Hd          , Gs          , Gs^Ft       , Dd          
Dd          , Dd          , Dd          , Dd          , Dd          , Dd          , Dd          , Ce^Vct      , Ce          , Ce^Vct      , Dd          , Dd          , Dd          , Dd          , Dd          , Dd          , Dd          , Dd          , Md          , Md          , Md          , Md          , Md          , Md          , Md          , Md          , Md          , Md          , Dd          , Dd^Es       , Ce^Vct      , Ce^Vct      , Ce          , Dd          , Dd          , Re          , Re          , Dd          , Dd          , Dd          , Dd          , Dd^Edp      , Hd          , Hd          , Md          , Md          , Md          , Md          , Md          , Hd          , Gs^Ft       , Gs^Ft       , Gs^Vc       , Gs^Ft       , Dd          
Dd          , Dd          , Dd          , Dd          , Dd          , Dd          , Dd          , Dd          , Dd          , Dd          , Dd          , Dd          , Dd          , Dd          , Dd          , Dd          , Hhd         , Md          , Md          , Md          , Md          , Md          , Hd          , Md          , Md          , Hd          , Hhd         , Hhd         , Dd          , Dd          , Ce^Vct      , Ce^Vct      , 3 Ke        , Ce^Vct      , Dd          , Re          , Re          , Dd          , Dd          , Dd          , Dd          , Dd          , Hhd         , Md          , Md          , Md          , Md          , Md          , Md          , Hd          , Gs^Ft       , Gs          , Gs^Ft       , Gs          , Dd          
Dd          , Dd          , Dd^Edp      , Dd          , Dd          , Dd          , Dd          , Dd          , Dd          , Dd          , Dd          , Dd          , Dd          , Dd          , Dd          , Dd          , Hhd         , Md          , Hd          , Md          , Hd          , Hhd         , Hhd         , Md          , Hd          , Hd          , Dd          , Dd          , Dd          , Dd          , Dd          , Ce          , Ce^Vct      , Ce^Vct      , Dd          , Re          , Re          , Dd          , Dd^Edp      , Dd          , Dd          , Dd          , Dd          , Hhd         , Md          , Md          , Hd          , Hhd         , Hhd         , Hhd         , Gs          , Gs          , Gs          , Dd          , Dd^Edpp     
Dd          , Dd          , Dd          , Dd          , Dd          , Dd          , Dd          , Dd          , Dd          , Dd          , Dd          , Dd          , Dd          , Dd          , Dd          , Dd          , Dd          , Hhd         , Dd          , Hd          , Dd          , Dd          , Dd          , Dd          , Dd          , Dd          , Dd          , Dd          , Dd          , Dd          , Dd          , Dd^Esd      , Dd^Esd      , Dd          , Dd          , Re          , Re          , Dd          , Dd          , Dd          , Dd          , Dd          , Dd          , Hhd         , Hd          , Hd          , Gs          , Gs^Ft       , Gs          , Gs^Ft       , Gs^Vc       , Gs^Ft       , Dd          , Dd          , Dd^Edp      
Dd^Edp      , Dd          , Dd          , Dd          , Dd          , Dd          , Dd          , Dd          , Dd^Edpp     , Dd          , Dd          , Dd          , Dd          , Dd          , Dd          , Dd          , Dd          , Dd          , Dd          , Dd          , Dd          , Dd          , Dd          , Dd          , Dd          , Dd          , Dd          , Dd          , Dd          , Dd          , Dd^Esd      , Dd          , Dd          , Dd          , Re          , Re          , Re          , Dd          , Dd          , Dd          , Dd          , Dd          , Dd          , Gs^Ft       , Gs^Ft       , Gs^Ft       , Gs^Vc       , Gs          , Gs^Ft       , Gs          , Gs^Ft       , Gs^Ft       , Dd          , Dd          , Dd          
Dd          , Dd          , Dd          , Dd          , Dd          , Dd          , Dd          , Dd          , Dd          , Dd          , Dd          , Dd          , Dd          , Dd          , Dd          , Dd          , Dd          , Dd          , Dd          , Dd          , Dd          , Dd          , Dd          , Dd          , Dd^Es       , Dd^Edpp     , Dd          , Dd^Esd      , Dd          , Dd          , Dd          , Dd          , Re          , Re          , Re          , Re          , Dd          , Dd          , Dd          , Dd^Es       , Dd          , Dd          , Dd          , Dd          , Dd^Es       , Gs          , Dd          , Gs^Ft       , Dd          , Dd          , Dd^Edpp     , Dd          , Dd          , Dd          , Dd          
Dd          , Dd          , Dd          , Dd          , Dd          , Dd          , Dd          , Dd          , Dd          , Dd          , Dd          , Dd          , Dd^Edpp     , Dd          , Dd          , Dd          , Dd          , Dd          , Dd          , Dd^Es       , Dd          , Dd          , Dd^Edp      , Dd          , Dd          , Dd          , Dd          , Dd          , Dd          , Dd          , Re          , Re          , Re          , Re          , Dd          , Dd          , Dd          , Dd          , Dd^Esd      , Dd          , Dd          , Dd^Es       , Dd          , Dd          , Dd          , Dd          , Dd          , Dd          , Dd          , Dd          , Dd          , Dd          , Dd^Edp      , Dd          , Dd          
Dd          , Dd          , Dd          , Dd^Es       , Dd          , Dd          , Dd          , Dd          , Dd          , Dd          , Hhd         , Dd          , Dd          , Dd          , Dd          , Dd^Es       , Hd          , Dd          , Hd          , Dd          , Dd          , Dd          , Dd          , Dd          , Dd          , Dd^Edp      , Dd          , Dd^Esd      , Dd          , Dd^Edp      , Re          , Re          , Dd          , Dd          , Dd          , Dd^Es       , Dd^Edp      , Dd          , Dd          , Dd^Esd      , Dd          , Dd          , Dd^Edpp     , Dd          , Dd          , Dd^Es       , Dd^Es       , Dd          , Dd          , Dd          , Dd^Edp      , Dd          , Dd          , Dd          , Dd          
Dd          , Dd          , Dd          , Dd          , Hhd         , Dd          , Hhd         , Hd          , Hd          , Hd          , Md          , Hhd         , Hd          , Dd          , Hhd         , Hhd         , Hhd         , Hd          , Hhd         , Hhd         , Hd          , Dd          , Dd          , Dd          , Dd          , Dd          , Dd          , Dd          , Dd          , Dd          , Re          , Re          , Dd          , Dd^Esd      , Dd          , Dd^Edp      , Dd          , Dd          , Dd          , Dd          , Dd          , Dd^Edpp     , Dd          , Dd          , Dd          , Dd          , Dd^Esd      , Dd          , Dd          , Dd          , Dd          , Dd          , Dd          , Dd          , Dd          
Dd          , Dd          , Dd          , Hhd         , Hd          , Hhd         , Md          , Hhd         , Md          , Md          , Md          , Md          , Md          , Hd          , Md          , Md          , Md          , Md          , Md          , Md          , Md          , Hd          , Dd          , Dd          , Dd          , Dd          , Dd          , Dd          , Dd          , Dd          , Re          , Re          , Dd          , Dd          , Dd          , Dd          , Dd          , Dd          , Dd          , Dd          , Dd          , Dd          , Dd^Edpp     , Dd^Es       , Dd          , Dd          , Dd          , Dd^Edpp     , Dd          , Dd          , Dd          , Dd          , Dd          , Dd          , Dd          
Dd^Edp      , Dd          , Dd          , Hd          , Md          , Md          , Md          , Md          , Md          , Md          , Md          , Md          , Md          , Md          , Md          , Md          , Md          , Md          , Hhd         , Md          , Hhd         , Hd          , Dd^Edp      , Dd          , Dd          , Dd^Es       , Dd          , Dd^Esd      , Dd          , Dd          , Re          , Re          , Re          , Dd          , Dd          , Dd          , Dd          , Dd          , Dd          , Dd^Edp      , Dd          , Dd          , Dd          , Dd          , Dd          , Dd          , Dd^Esd      , Dd          , Dd          , Dd          , Dd^Edpp     , Dd          , Dd^Esd      , Dd          , Dd          
Dd          , Dd          , Dd          , Hd          , Hd          , Md          , Md          , Hhd         , Hhd         , Hd          , Hd          , Md          , Hhd         , Md          , Hhd         , Md          , Hd          , Hd          , Gs^Ft       , Hhd         , Dd          , Dd          , Dd          , Dd          , Dd          , Dd          , Dd          , Dd          , Dd          , Dd          , Dd          , Re          , Re          , Dd          , Dd          , Dd          , Dd          , Dd          , Dd          , Dd          , Dd          , Dd          , Dd          , Dd          , Dd          , Dd          , Dd          , Dd          , Ce^Vct      , Dd          , Dd          , Dd          , Dd          , Dd          , Dd          
Dd          , Dd          , Dd          , Dd          , Hhd         , Md          , Hd          , Hd          , Gs^Ft       , Gs^Ft       , Gs^Ft       , Hd          , Gs^Ft       , Hhd         , Gs          , Hd          , Gs          , Gs          , Gs          , Gs^Ft       , Dd          , Dd          , Dd^Es       , Dd          , Dd          , Dd          , Dd          , Dd^Es       , Dd          , Dd          , Dd          , Re          , Re          , Dd          , Dd^Edp      , Dd          , Dd          , Dd          , Dd          , Dd          , Dd          , Dd          , Dd          , Dd          , Dd          , Dd          , Dd          , Ce          , 6 Ke        , Ce^Vct      , Dd          , Dd          , Dd          , Dd          , Dd          
Dd          , Dd          , Dd          , Dd          , Gs^Ft       , Hhd         , Gs          , Gs          , Gs^Vc       , Gs          , Gs          , Gs          , Gs          , Gs^Ft       , Gs^Vc       , Gs          , Gs^Ft       , Gs^Ft       , Dd          , Dd          , Dd          , Dd          , Dd          , Dd          , Dd          , Dd^Edp      , Dd          , Dd          , Dd          , Dd          , Dd          , Re          , Re          , Dd          , Dd          , Dd          , Dd          , Dd          , Dd          , Dd          , Dd          , Dd          , Dd          , Dd^Es       , Dd          , Dd          , Dd          , Ce          , Ce^Vct      , Ce^Vct      , Dd          , Dd          , Dd          , Dd          , Dd          
Dd          , Dd          , Dd^Edpp     , Dd          , Gs^Ft       , Gs          , Gs          , Gs          , Gs          , Gs          , Gs          , Gs^Ft       , Gs^Ft       , Gs          , Dd          , Dd          , Dd          , Dd          , Dd          , Dd          , Dd          , Dd          , Dd          , Dd          , Dd          , Dd          , Dd          , Dd          , Dd          , Dd          , Dd          , Re          , Re          , Dd          , Dd          , Dd          , Dd^Edp      , Dd          , Dd          , Dd          , Dd          , Dd          , Dd          , Dd          , Dd          , Dd          , Dd          , Dd          , Dd^Esd      , Dd          , Dd          , Dd          , Dd          , Dd^Edp      , Dd^Edpp     
Dd          , Dd          , Dd          , Dd          , Dd          , Gs^Ft       , Dd          , Gs^Ft       , Gs^Ft       , Gs^Ft       , Dd          , Dd          , Dd          , Dd          , Dd          , Dd          , Dd          , Dd          , Dd          , Dd          , Dd          , Dd^Edp      , Dd          , Dd^Edp      , Dd          , Dd          , Dd^Es       , Dd^Esd      , Dd          , Dd          , Dd          , Re          , Re          , Dd          , Dd          , Dd          , Dd          , Dd          , Dd          , Dd^Edp      , Dd          , Dd          , Dd          , Dd          , Dd          , Dd          , Dd          , Dd^Edp      , Dd          , Dd          , Dd          , Dd          , Dd          , Dd          , Dd          
Dd          , Dd          , Dd          , Dd          , Dd          , Dd          , Dd          , Dd          , Dd^Edp      , Dd          , Dd          , Dd          , Dd          , Dd          , Dd          , Dd          , Ce^Vct      , Ce^Vct      , Ce^Vct      , Dd          , Dd          , Dd          , Dd          , Dd          , Dd          , Dd          , Dd          , Dd          , Dd          , Dd          , Dd          , Re          , Re          , Re          , Re          , Dd          , Dd          , Dd          , Dd          , Dd          , Dd          , Dd          , Dd          , Dd          , Dd          , Dd^Es       , Dd^Es       , Dd          , Ce^Vct      , Dd          , Dd          , Dd          , Dd^Edp      , Dd          , Dd^Es       
Dd          , Dd          , Dd          , Dd          , Dd          , Dd          , Dd          , Dd          , Dd          , Dd          , Dd          , Dd          , Dd          , Dd^Esd      , Dd          , Dd          , Ce^Vct      , 5 Ke        , Ce^Vct      , Dd          , Dd          , Dd          , Dd^Esd      , Dd          , Dd          , Dd          , Dd          , Dd          , Dd          , Dd          , Dd          , Dd          , Dd          , Re          , Re          , Re          , Re          , Dd          , Dd          , Dd^Esd      , Dd          , Dd          , Dd^Esd      , Dd          , Dd          , Dd          , Dd          , Ce          , 7 Ke        , Ce^Vct      , Dd          , Dd          , Dd          , Dd          , Dd          
Dd          , Dd          , Dd          , Dd          , Ce^Vct      , Dd          , Dd          , Dd          , Dd          , Dd^Edp      , Dd          , Dd          , Dd          , Dd          , Dd          , Dd          , Dd^Edp      , Ce^Vct      , Dd          , Dd          , Dd          , Dd          , Dd          , Dd          , Dd^Edpp     , Dd          , Dd          , Dd          , Dd^Edpp     , Dd          , Dd          , Dd          , Dd          , Dd          , Dd          , Re          , Re          , Re          , Re          , Dd^Es       , Dd          , Dd          , Dd          , Dd          , Dd          , Dd          , Dd          , Ce          , Ce^Vct      , Ce^Vct      , Dd          , Dd          , Dd          , Dd^Edpp     , Dd^Edp      
Dd          , Dd          , Dd          , Ce^Vct      , 4 Ke        , Ce^Vct      , Dd          , Dd          , Dd          , Dd          , Dd          , Dd          , Dd          , Dd          , Dd          , Dd          , Dd          , Dd          , Dd          , Dd          , Dd          , Dd          , Dd          , Dd          , Dd          , Dd          , Dd          , Dd          , Dd          , Dd^Esd      , Dd          , Dd          , Dd          , Dd          , Dd          , Dd          , Dd          , Re          , Re          , Re          , Dd^Esd      , Dd          , Dd          , Dd          , Dd^Edp      , Dd          , Dd          , Dd          , Dd          , Dd          , Dd          , Dd          , Dd          , Dd          , Dd          
Dd          , Dd          , Dd          , Ce^Vct      , Ce^Vct      , Ce^Vct      , Dd          , Dd          , Dd          , Dd          , Dd          , Dd          , Dd^Edpp     , Dd          , Dd          , Dd          , Dd          , Dd          , Hd          , Hhd         , Hhd         , Dd          , Dd^Edpp     , Dd^Esd      , Dd          , Dd          , Dd          , Dd          , Dd          , Dd^Es       , Dd          , Dd          , Dd^Edp      , Dd          , Dd          , Dd          , Dd          , Dd          , Re          , Re          , Hhd         , Hhd         , Hhd         , Dd          , Dd          , Hhd         , Hhd         , Dd          , Dd          , Dd          , Dd^Edpp     , Dd^Es       , Dd          , Dd          , Dd^Edp      
Dd          , Dd          , Dd          , Dd          , Dd^Es       , Dd          , Dd          , Dd          , Dd          , Dd          , Dd          , Dd^Edpp     , Dd          , Dd          , Gs^Ft       , Dd          , Dd          , Dd          , Hd          , Md          , Md          , Hd          , Hd          , Dd          , Dd          , Dd          , Hd          , Hhd         , Dd          , Dd          , Dd          , Dd          , Dd          , Dd^Esd      , Dd^Edp      , Dd          , Dd          , Dd          , Re          , Hhd         , Dd          , Dd^Esd      , Dd          , Dd          , Hd          , Dd          , Hhd         , Dd^Esd      , Dd          , Dd          , Dd^Esd      , Dd          , Dd          , Dd          , Dd          
Dd          , Dd          , Dd          , Dd          , Dd          , Dd          , Dd          , Dd          , Dd          , Dd          , Gs^Ft       , Gs^Ft       , Gs          , Gs^Ft       , Hhd         , Hhd         , Hd          , Hd          , Md          , Md          , Hhd         , Hhd         , Hd          , Dd          , Dd          , Hd          , Hhd         , Hhd         , Dd          , Dd          , Dd          , Dd          , Dd          , Dd          , Hhd         , Hhd         , Hhd         , Dd          , Re          , Re          , Re          , Re          , Re          , Dd          , Dd          , Hd          , Dd          , Hd          , Hd          , Dd          , Hhd         , Dd          , Dd          , Dd          , Dd          
Dd^Edpp     , Dd^Edp      , Dd          , Dd          , Dd          , Dd          , Dd          , Dd^Esd      , Dd          , Dd          , Gs^Ft       , Gs          , Hd          , Gs^Ft       , Hd          , Hhd         , Md          , Md          , Md          , Md          , Dd          , Dd          , Dd^Edpp     , Dd          , Dd          , Hd          , Dd^Es       , Dd          , Dd          , Dd          , Hhd         , Dd          , Dd^Edpp     , Dd          , Hhd         , Hhd         , Hhd         , Re          , Hd          , Hd          , Hd          , Hd          , Re          , Dd^Esd      , Hd          , Hhd         , Hhd         , Hd          , Dd          , Dd          , Hhd         , Dd^Edp      , Dd          , Dd          , Dd          
Dd          , Dd          , Dd          , Dd          , Dd          , Dd          , Gs^Ft       , Gs^Ft       , Gs          , Gs          , Gs^Vc       , Gs          , Md          , Hd          , Hhd         , Md          , Md          , Md          , Hhd         , Hhd         , Dd          , Dd          , Hd          , Hd          , Dd          , Dd          , Dd          , Dd          , Dd          , Dd          , Dd          , Hhd         , Hd          , Dd          , Hhd         , Hhd         , Hhd         , Re          , Hd          , Hhd         , Hhd         , Dd          , Re          , Hd          , Dd          , Dd          , Hhd         , Dd          , Hd          , Dd          , Dd          , Hhd         , Dd          , Dd          , Dd^Edp      
Dd          , Dd          , Dd          , Dd          , Dd          , Dd          , Hhd         , Gs          , Gs^Ft       , Gs^Ft       , Hd          , Md          , Md          , Md          , Hhd         , Md          , Md          , Md          , Hd          , Hd          , Dd          , Dd          , Dd          , Hd          , Dd          , Dd          , Dd          , Hd          , Dd          , Hd          , Dd          , Hhd         , Dd          , Hd          , Hd          , Hd          , Hd          , Re          , Dd          , Dd          , Hd          , Dd          , Re          , Hd          , Hd          , Hhd         , Dd          , Dd          , Hhd         , Dd          , Dd          , Dd          , Dd          , Dd          , Dd          
Dd          , Dd          , Dd          , Dd          , Dd          , Dd          , Hhd         , Hd          , Hd          , Gs^Ft       , Hd          , Hd          , Md          , Md          , Md          , Hhd         , Md          , Md          , Hd          , Dd          , Dd          , Dd          , Hhd         , Dd          , Dd^Edp      , Dd          , Hd          , Hd          , Hhd         , Dd          , Dd          , Hhd         , Dd          , Dd          , Hd          , Dd          , Hd          , Re          , Hd          , Hd          , Gs^Ft       , Hd          , Hd          , Re          , Dd          , Hd          , Hd          , Dd          , Hhd         , Hhd         , Hd          , Hd          , Hd          , Dd^Edpp     , Dd          
Dd          , Dd          , Dd          , Dd          , Hd          , Hd          , Hd          , Hhd         , Hd          , Md          , Md          , Md          , Md          , Md          , Hd          , Md          , Md          , Hhd         , Dd          , Dd          , Hd          , Hhd         , Gs^Ft       , Gs          , Hd          , Dd          , Dd          , Dd          , Hhd         , Hd          , Gs^Ft       , Dd          , Hd          , Hd          , Gs^Ft       , Hd          , Re          , Re          , Gs^Ft       , Gs^Vc       , Gs          , Gs^Ft       , Gs          , Re          , Gs          , Hd          , Gs^Ft       , Hhd         , Hhd         , Hd          , Hhd         , Dd          , Dd          , Hd          , Hd          
Dd          , Dd          , Dd          , Dd          , Hhd         , Hhd         , Md          , Md          , Hhd         , Hhd         , Md          , Md          , Hhd         , Md          , Hd          , Md          , Hd          , Hd          , Dd          , Dd          , Hhd         , Hd          , Gs^Ft       , Gs^Vc       , Gs          , Dd          , Hd          , Hhd         , Gs^Ft       , Gs          , Gs^Vc       , Hd          , Gs^Ft       , Gs          , Re          , Re          , Gs^Ft       , Gs^Ft       , Md          , Gs^Ft       , Md          , Gs          , Re          , Re          , Gs          , Gs          , Gs^Ft       , Gs^Ft       , Gs^Vc       , Dd          , Dd          , Hd          , Hhd         , Dd          , Hd          
Dd          , Dd          , Hd          , Hd          , Hhd         , Md          , Md          , Md          , Md          , Md          , Md          , Hhd         , Dd          , Hd          , Dd          , Dd          , Dd          , Dd          , Hd          , Dd          , Dd          , Gs^Ft       , Hd          , Gs          , Hhd         , Dd          , Hd          , Gs^Ft       , Gs          , Hd          , Dd          , Hd          , Gs^Ft       , Gs          , Re          , Md          , Md          , Md          , Cd          , Md          , Md          , Re          , Md          , Cd          , Cd          , Md^Xm       , Md          , Gs          , Gs          , Hd          , Dd          , Hhd         , Hhd         , Dd          , Hd          
Hd          , Dd          , Hd          , Md          , Md          , Hd          , Hd          , Md          , Md          , Md          , Hd          , Hhd         , Dd          , Dd          , Hhd         , Dd          , Hd          , Hd          , Hhd         , Dd          , Dd          , Dd          , Hd          , Hhd         , Hhd         , Hhd         , Hd          , Dd          , Dd          , Hd          , Hd          , Gs^Ft       , Hd          , Gs^Ft       , Md          , Re          , Gs          , Cd          , Gs          , Cd          , Re          , Re          , Cd          , Md          , Md          , Cd          , Md          , Md          , Gs          , Hd          , Dd          , Hhd         , Hd          , Hd          , Hd          
Md          , Hd          , Md          , Md          , Md          , Hd          , Md          , Md          , Md          , Hd          , Hd          , Dd          , Dd^Edp      , Hhd         , Hd          , Gs^Ft       , Gs^Ft       , Hhd         , Gs^Vc       , Dd          , Dd^Edp      , Dd          , Gs^Ft       , Hhd         , Hd          , Hd          , Gs^Ft       , Gs^Ft       , Hd          , Dd          , Dd          , Hd          , Hd          , Md          , Cd          , Re          , Re          , Gs^Ft       , Re          , Re          , Gs          , Gs          , Gs          , Cd          , Md          , Cd          , Md          , Md          , Md          , Gs          , Hd          , Hd          , Hhd         , Hd          , Dd          
Md          , Md          , Md          , Md          , Md          , Md          , Hd          , Hhd         , Hhd         , Hhd         , Dd          , Dd^Edpp     , Hd          , Hd          , Gs          , Gs          , Hhd         , Dd          , Gs          , Gs^Ft       , Dd          , Dd          , Gs          , Gs^Ft       , Dd          , Hd          , Hd          , Hd          , Hd          , Hhd         , Gs^Ft       , Gs^Ft       , Md          , Md          , Re          , Gs          , Gs^Ft       , Re          , Gs          , Gs^Vc       , Gs^Ft       , Gs^Ft       , Gs          , Gs          , Gs^Ft       , Re          , Md          , Md          , Md          , Gs^Ft       , Hd          , Dd          , Dd          , Dd          , Dd          
Md          , Md          , Md          , Md          , Hd          , Hd          , Dd          , Dd          , Dd          , Dd          , Dd          , Dd          , Dd          , Dd^Edpp     , Hd          , Hhd         , Hhd         , Hd          , Hd          , Dd          , Dd^Es       , Dd^Edp      , Hd          , Dd          , Dd          , Hd          , Gs^Ft       , Hd          , Hhd         , Hhd         , Hd          , Md          , Md          , Re          , Re          , Gs          , Gs^Ft       , Re          , Re          , Re          , Re          , Re          , Re          , Gs^Ft       , Re          , Re          , Re          , Cd          , Gs          , Gs^Ft       , Dd          , Hd          , Dd          , Dd          , Ds          
Md          , Md          , Md          , Md          , Hhd         , Hhd         , Dd          , Dd          , Dd          , Dd          , Dd          , Dd          , Hd          , Dd          , Gs^Ft       , Gs          , Hhd         , Dd          , Dd          , Hd          , Hd          , Dd          , Dd          , Hhd         , Hhd         , Gs          , Gs^Ft       , Hd          , Hd          , Hd          , Gs^Ft       , Gs^Ft       , Md          , Cd          , Gs^Ft       , Re          , Re          , Re          , Cd          , Cd          , Cd          , Cd          , Cd          , Re          , Gs^Vc       , Gs          , Gs^Ft       , Re          , Md          , Gs          , Dd          , Dd          , Ds          , Ds          , Ww          
Hhd         , Md          , Hhd         , Hd          , Hd          , Hhd         , Dd          , Dd^Esd      , Hd          , Hd          , Dd          , Hhd         , Dd          , Hd          , Hd          , Gs^Ft       , Gs          , Dd          , Hd          , Dd          , Hd          , Hd          , Dd          , Hhd         , Dd          , Dd          , Gs          , Gs^Ft       , Dd^Es       , Dd          , Hd          , Md          , Md          , Cd          , Re          , Re          , Gs^Ft       , Re          , Re          , Cd          , 8 Kd        , Cd          , Re          , Re          , Gs          , Gs^Ft       , Gs^Ft       , Cd          , Md          , Md          , Ds          , Ds          , Ww          , Ww          , Wwr         
Dd          , Hhd         , Dd^Edp      , Dd          , Dd^Edp      , Dd          , Hd          , Dd          , Hd          , Dd          , Gs^Ft       , Hhd         , Hhd         , Gs^Vc       , Gs          , Gs^Ft       , Hd          , Hd          , Dd^Edpp     , Hhd         , Dd          , Hd          , Gs          , Hhd         , Hd          , Hd          , Gs^Vc       , Dd          , Hd          , Dd^Esd      , Hhd         , Md          , Md          , Re          , Re          , Gs^Vc       , Gs^Ft       , Re          , Cd          , Cd          , Cd          , Cd          , Cd          , Re          , Gs          , Gs^Ft       , Gs^Vc       , Cd          , Md          , Ds          , Ww          , Ww          , Ww          , Wwr         , Wwr         
Dd^Edpp     , Dd          , Dd          , Dd          , Dd          , Hd          , Hd          , Dd          , Dd          , Gs^Ft       , Gs          , Hd          , Hhd         , Gs          , Hd          , Hd          , Hd          , Dd          , Hhd         , Hhd         , Hd          , Hd          , Gs^Ft       , Gs          , Hd          , Hd          , Dd          , Hd          , Hd          , Hhd         , Dd          , Gs^Ft       , Gs^Ft       , Md          , Cd          , Gs^Ft       , Re          , Re          , Re          , Cd          , Re          , Cd          , Re          , Re          , Re          , Gs          , Gs^Ft       , Md          , Md          , Ds          , Ww          , Wwr         , Wwr         , Ww          , Ww          
Dd          , Dd          , Hd          , Dd          , Hd          , Dd          , Dd          , Dd          , Hd          , Gs^Ft       , Hd          , Gs          , Dd          , Hd          , Gs^Ft       , Hd          , Gs          , Hd          , Hhd         , Hd          , Hd          , Hd          , Dd          , Gs^Ft       , Hhd         , Dd^Esd      , Hd          , Dd^Es       , Dd          , Hhd         , Hd          , Dd          , Hd          , Md          , Md          , Cd          , Re          , Gs^Ft       , Gs^Ft       , Re          , Gs          , Re          , Gs          , Gs^Ft       , Gs^Ft       , Re          , Re          , Gs^Ft       , Ds          , Ww          , Wwr         , Wwr         , Ww          , Ww          , Wo          
Dd          , Hd          , Dd          , Hd          , Dd          , Dd          , Hd          , Dd          , Dd          , Hd          , Hd          , Hhd         , Hhd         , Dd          , Dd          , Gs          , Dd          , Hd          , Hd          , Hd          , Dd          , Hd          , Dd          , Hhd         , Hhd         , Hd          , Dd          , Dd^Esd      , Dd          , Hd          , Hd          , Dd          , Hd          , Hd          , Md          , Cd          , Re          , Gs^Ft       , Gs^Ft       , Gs          , Gs^Ft       , Gs          , Gs^Vc       , Gs^Ft       , Gs          , Gs          , Re          , Gs^Ft       , Ds          , Ww          , Ww          , Ww          , Wo          , Wo          , Wo          
Dd          , Dd^Edp      , Hd          , Dd          , Gs^Ft       , Hd          , Gs          , Hd          , Hd          , Hd          , Gs^Ft       , Hd          , Gs          , Hhd         , Hd          , Dd          , Hd          , Dd          , Dd          , Gs^Ft       , Dd          , Dd          , Gs^Ft       , Gs^Ft       , Dd          , Dd          , Hd          , Hd          , Hd          , Dd          , Ds          , Hd          , Ww          , Ds          , Ds          , Md          , Gs^Ft       , Re          , Re          , Gs          , Gs^Ft       , Gs^Ft       , Gs          , Gs          , Re          , Re          , Ds          , Ds          , Ww          , Ww          , Ww          , Wo          , Wo          , Wo          , Wo          
Dd          , Dd          , Dd          , Hd          , Hd          , Gs^Vc       , Gs^Ft       , Hd          , Hhd         , Gs^Ft       , Gs^Ft       , Hd          , Gs          , Hhd         , Hhd         , Gs^Ft       , Hhd         , Hhd         , Hd          , Gs^Ft       , Hd          , Dd          , Gs          , Hd          , Hd          , Hd          , Hhd         , Hhd         , Ds          , Ds          , Ww          , Ww          , Wwr         , Ww          , Ww          , Ds          , Ds          , Gs^Ft       , Re          , Gs          , Gs          , Gs^Ft       , Re          , Re          , Ds          , Ds          , Ww          , Ww          , Wwr         , Ww          , Ww          , Wo          , Wo          , Wo          , Wo          
Dd          , Dd          , Hd          , Hd          , Dd          , Gs^Ft       , Hhd         , Hhd         , Hhd         , Hhd         , Gs          , Hd          , Dd          , Hd          , Gs^Ft       , Gs          , Hhd         , Hhd         , Dd          , Gs^Vc       , Hd          , Gs          , Gs          , Gs^Ft       , Hd          , Hhd         , Ds          , Ds          , Ww          , Ww          , Ww          , Wwr         , Ww          , Wwr         , Wwr         , Ww          , Ww          , Ds          , Ww^Bw|      , Ds          , Ds          , Ds          , Ww^Bw|      , Ds          , Ww          , Ww          , Wwr         , Wwr         , Ww          , Ww          , Wo          , Wo          , Wo          , Wo          , Wo          
Dd          , Hd          , Dd^Es       , Dd          , Hd          , Hhd         , Dd          , Hd          , Dd          , Dd^Edpp     , Hhd         , Dd          , Dd          , Gs          , Gs^Ft       , Gs          , Dd          , Gs          , Gs^Ft       , Hd          , Hhd         , Hd          , Gs^Ft       , Gs^Ft       , Hd          , Ds          , Ww          , Ww          , Wwr         , Wwr         , Ww          , Ww          , Wo          , Ww          , Ww          , Wwr         , Ww          , Ww          , Ww^Bw|      , Ww^Bw\      , Ww          , Ww          , Ww^Bw|      , Ww^Bw\      , Ww          , Ww          , Ww          , Ww          , Wo          , Wo          , Wo          , Wo          , Wo          , Wo          , Wo          
Dd          , Dd          , Dd          , Hd          , Hd          , Hd          , Dd          , Dd          , Dd          , Hd          , Hhd         , Dd          , Hd          , Gs^Ft       , Hd          , Hd          , Dd          , Hd          , Gs^Ft       , Hhd         , Hd          , Dd          , Hd          , Hd          , Hd          , Ds          , Ww          , Wwr         , Ww          , Ww          , Wo          , Wo          , Wo          , Wo          , Wo          , Ww          , Ww          , Ww^Bw/      , Ww          , Ww          , Ww          , Ww^Bw/      , Ww          , Ww          , Ww          , Ww          , Wo          , Wo          , Wo          , Wo          , Wo          , Wo          , Wo          , Wo          , Wo          
Dd          , Hd          , Hd          , Dd          , Ce          , Dd          , Dd          , Dd          , Hd          , Dd          , Hhd         , Gs^Vc       , Gs^Ft       , Hd          , Hhd         , Dd          , Hd          , Hd          , Hhd         , Hhd         , Hd          , Dd          , Dd          , Hd          , Ds          , Ds          , Ww          , Wwr         , Ww          , Wo          , Wo          , Wo          , Wo          , Wo          , Wo          , Wo          , Wo          , Wo          , Wo          , Ww          , Wo          , Ww          , Wo          , Wo          , Wo          , Wo          , Wo          , Wo          , Wo          , Wo          , Wo          , Wo          , Wo          , Wo          , Wo          
Hd          , Hhd         , Hhd         , Ce          , 9 Ke        , Dd          , Ce          , Dd          , Dd          , Hhd         , Hhd         , Gs^Ft       , Hhd         , Hhd         , Hd          , Dd          , Hd          , Hd          , Hd          , Hd          , Ds          , Dd          , Ds          , Ds          , Ww          , Ww          , Ww          , Ww          , Wo          , Wo          , Wo          , Wo          , Wo          , Wo          , Wo          , Wo          , Wo          , Wo          , Wo          , Wo          , Wo          , Wo          , Wo          , Wo          , Wo          , Wo          , Wo          , Wo          , Wo          , Wo          , Wo          , Wo          , Wo          , Wo          , Wo          
Hd          , Hd          , Hhd         , Ce          , Ce          , Dd          , 1 Ke        , Ce          , Hd          , Hhd         , Hd          , Dd          , Dd          , Hd          , Dd          , Dd^Esd      , Ds          , Hd          , Ds          , Ds          , Ww          , Ww          , Ww          , Ww          , Ww          , Ww          , Wo          , Wo          , Wo          , Wo          , Wo          , Wo          , Wo          , Wo          , Wo          , Wo          , Wo          , Wo          , Wo          , Wo          , Wo          , Wo          , Wo          , Wo          , Wo          , Wo          , Wo          , Wo          , Wo          , Wo          , Wo          , Wo          , Wo          , Wo          , Wo          
Hd          , Hd          , Hhd         , Hhd         , Dd          , Dd          , Ce          , Ce          , Dd          , Hd          , Dd          , Dd          , Dd          , Dd          , Dd^Edpp     , Ds          , Ww          , Ww          , Ww          , Ww          , Wwr         , Wwr         , Ww          , Ww          , Wo          , Wo          , Wo          , Wo          , Wo          , Wo          , Wo          , Wo          , Wo          , Wo          , Wo          , Wo          , Wo          , Wo          , Wo          , Wo          , Wo          , Wo          , Wo          , Wo          , Wo          , Wo          , Wo          , Wo          , Wo          , Wo          , Wo          , Wo          , Wo          , Wo          , Wo          
Hd          , Hd          , Hd          , Hhd         , Dd          , Dd          , Dd          , Dd          , Dd          , Dd          , Hd          , Hd          , Hd          , Dd          , Ds          , Ww          , Wwr         , Wwr         , Ww          , Wwr         , Ww          , Ww          , Wo          , Wo          , Wo          , Wo          , Wo          , Wo          , Wo          , Wo          , Wo          , Wo          , Wo          , Wo          , Wo          , Wo          , Wo          , Wo          , Wo          , Wo          , Wo          , Wo          , Wo          , Wo          , Wo          , Wo          , Wo          , Wo          , Wo          , Wo          , Wo          , Wo          , Wo          , Wo          , Wo          
Hd          , Hd          , Hd          , Dd          , Dd          , Dd          , Dd          , Dd          , Hd          , Hd          , Hd          , Hd          , Ds          , Ds          , Ww          , Ww          , Ww          , Ww          , Wo          , Ww          , Wo          , Wo          , Wo          , Wo          , Wo          , Wo          , Wo          , Wo          , Wo          , Wo          , Wo          , Wo          , Wo          , Wo          , Wo          , Wo          , Wo          , Wo          , Wo          , Wo          , Wo          , Wo          , Wo          , Wo          , Wo          , Wo          , Wo          , Wo          , Wo          , Wo          , Wo          , Wo          , Wo          , Wo          , Wo          
Hd          , Hd          , Hd          , Hd          , Hd          , Hd          , Hd          , Hd          , Hd          , Hd          , Ds          , Ds          , Ww          , Ww          , Wwr         , Ww          , Wo          , Wo          , Wo          , Wo          , Wo          , Wo          , Wo          , Wo          , Wo          , Wo          , Wo          , Wo          , Wo          , Wo          , Wo          , Wo          , Wo          , Wo          , Wo          , Wo          , Wo          , Wo          , Wo          , Wo          , Wo          , Wo          , Wo          , Wo          , Wo          , Wo          , Wo          , Wo          , Wo          , Wo          , Wo          , Wo          , Wo          , Wo          , Wo          
Hd          , Hd          , Hd          , Hd          , Hd          , Hd          , Hd          , Hd          , Ds          , Ds          , Ww          , Ww          , Ww          , Wwr         , Ww          , Ww          , Wo          , Wo          , Wo          , Wo          , Wo          , Wo          , Wo          , Wo          , Wo          , Wo          , Wo          , Wo          , Wo          , Wo          , Wo          , Wo          , Wo          , Wo          , Wo          , Wo          , Wo          , Wo          , Wo          , Wo          , Wo          , Wo          , Wo          , Wo          , Wo          , Wo          , Wo          , Wo          , Wo          , Wo          , Wo          , Wo          , Wo          , Wo          , Wo          
Hd          , Hd          , Hd          , Hd          , Hd          , Hd          , Ds          , Ds          , Ww          , Ww          , Wwr         , Wwr         , Ww          , Ww          , Wo          , Wo          , Wo          , Wo          , Wo          , Wo          , Wo          , Wo          , Wo          , Wo          , Wo          , Wo          , Wo          , Wo          , Wo          , Wo          , Wo          , Wo          , Wo          , Wo          , Wo          , Wo          , Wo          , Wo          , Wo          , Wo          , Wo          , Wo          , Wo          , Wo          , Wo          , Wo          , Wo          , Wo          , Wo          , Wo          , Wo          , Wo          , Wo          , Wo          , Wo          
Hd          , Hd          , Ds          , Hd          , Ds          , Ds          , Ww          , Ww          , Ww          , Wwr         , Ww          , Ww          , Wo          , Wo          , Wo          , Wo          , Wo          , Wo          , Wo          , Wo          , Wo          , Wo          , Wo          , Wo          , Wo          , Wo          , Wo          , Wo          , Wo          , Wo          , Wo          , Wo          , Wo          , Wo          , Wo          , Wo          , Wo          , Wo          , Wo          , Wo          , Wo          , Wo          , Wo          , Wo          , Wo          , Wo          , Wo          , Wo          , Wo          , Wo          , Wo          , Wo          , Wo          , Wo          , Wo          
Ds          , Ds          , Ww          , Ww          , Ww          , Ww          , Wwr         , Wwr         , Ww          , Ww          , Wo          , Wo          , Wo          , Wo          , Wo          , Wo          , Wo          , Wo          , Wo          , Wo          , Wo          , Wo          , Wo          , Wo          , Wo          , Wo          , Wo          , Wo          , Wo          , Wo          , Wo          , Wo          , Wo          , Wo          , Wo          , Wo          , Wo          , Wo          , Wo          , Wo          , Wo          , Wo          , Wo          , Wo          , Wo          , Wo          , Wo          , Wo          , Wo          , Wo          , Wo          , Wo          , Wo          , Wo          , Wo          
Ww          , Ww          , Wwr         , Ww          , Ww          , Wwr         , Ww          , Ww          , Wo          , Wo          , Wo          , Wo          , Wo          , Wo          , Wo          , Wo          , Wo          , Wo          , Wo          , Wo          , Wo          , Wo          , Wo          , Wo          , Wo          , Wo          , Wo          , Wo          , Wo          , Wo          , Wo          , Wo          , Wo          , Wo          , Wo          , Wo          , Wo          , Wo          , Wo          , Wo          , Wo          , Wo          , Wo          , Wo          , Wo          , Wo          , Wo          , Wo          , Wo          , Wo          , Wo          , Wo          , Wo          , Wo          , Wo          
Ww          , Wwr         , Ww          , Ww          , Wo          , Ww          , Wo          , Wo          , Wo          , Wo          , Wo          , Wo          , Wo          , Wo          , Wo          , Wo          , Wo          , Wo          , Wo          , Wo          , Wo          , Wo          , Wo          , Wo          , Wo          , Wo          , Wo          , Wo          , Wo          , Wo          , Wo          , Wo          , Wo          , Wo          , Wo          , Wo          , Wo          , Wo          , Wo          , Wo          , Wo          , Wo          , Wo          , Wo          , Wo          , Wo          , Wo          , Wo          , Wo          , Wo          , Wo          , Wo          , Wo          , Wo          , Wo          
Ww          , Ww          , Wo          , Wo          , Wo          , Wo          , Wo          , Wo          , Wo          , Wo          , Wo          , Wo          , Wo          , Wo          , Wo          , Wo          , Wo          , Wo          , Wo          , Wo          , Wo          , Wo          , Wo          , Wo          , Wo          , Wo          , Wo          , Wo          , Wo          , Wo          , Wo          , Wo          , Wo          , Wo          , Wo          , Wo          , Wo          , Wo          , Wo          , Wo          , Wo          , Wo          , Wo          , Wo          , Wo          , Wo          , Wo          , Wo          , Wo          , Wo          , Wo          , Wo          , Wo          , Wo          , Wo          
Wo          , Wo          , Wo          , Wo          , Wo          , Wo          , Wo          , Wo          , Wo          , Wo          , Wo          , Wo          , Wo          , Wo          , Wo          , Wo          , Wo          , Wo          , Wo          , Wo          , Wo          , Wo          , Wo          , Wo          , Wo          , Wo          , Wo          , Wo          , Wo          , Wo          , Wo          , Wo          , Wo          , Wo          , Wo          , Wo          , Wo          , Wo          , Wo          , Wo          , Wo          , Wo          , Wo          , Wo          , Wo          , Wo          , Wo          , Wo          , Wo          , Wo          , Wo          , Wo          , Wo          , Wo          , Wo          
Wo          , Wo          , Wo          , Wo          , Wo          , Wo          , Wo          , Wo          , Wo          , Wo          , Wo          , Wo          , Wo          , Wo          , Wo          , Wo          , Wo          , Wo          , Wo          , Wo          , Wo          , Wo          , Wo          , Wo          , Wo          , Wo          , Wo          , Wo          , Wo          , Wo          , Wo          , Wo          , Wo          , Wo          , Wo          , Wo          , Wo          , Wo          , Wo          , Wo          , Wo          , Wo          , Wo          , Wo          , Wo          , Wo          , Wo          , Wo          , Wo          , Wo          , Wo          , Wo          , Wo          , Wo          , Wo          
Wo          , Wo          , Wo          , Wo          , Wo          , Wo          , Wo          , Wo          , Wo          , Wo          , Wo          , Wo          , Wo          , Wo          , Wo          , Wo          , Wo          , Wo          , Wo          , Wo          , Wo          , Wo          , Wo          , Wo          , Wo          , Wo          , Wo          , Wo          , Wo          , Wo          , Wo          , Wo          , Wo          , Wo          , Wo          , Wo          , Wo          , Wo          , Wo          , Wo          , Wo          , Wo          , Wo          , Wo          , Wo          , Wo          , Wo          , Wo          , Wo          , Wo          , Wo          , Wo          , Wo          , Wo          , Wo          
Wo          , Wo          , Wo          , Wo          , Wo          , Wo          , Wo          , Wo          , Wo          , Wo          , Wo          , Wo          , Wo          , Wo          , Wo          , Wo          , Wo          , Wo          , Wo          , Wo          , Wo          , Wo          , Wo          , Wo          , Wo          , Wo          , Wo          , Wo          , Wo          , Wo          , Wo          , Wo          , Wo          , Wo          , Wo          , Wo          , Wo          , Wo          , Wo          , Wo          , Wo          , Wo          , Wo          , Wo          , Wo          , Wo          , Wo          , Wo          , Wo          , Wo          , Wo          , Wo          , Wo          , Wo          , Wo          
